<html>
<body>
<pre>
<h1>µVision Build Log</h1>
<h2>Tool Versions:</h2>
IDE-Version: µVision V5.28.0.0
Copyright (C) 2019 ARM Ltd and ARM Germany GmbH. All rights reserved.
License Information: Jonathan Meng, St. Cloudstate University, LIC=----
 
Tool Versions:
Toolchain:       MDK-Lite  Version: 5.28.0.0
Toolchain Path:  C:\Keil_v5\ARM\ARMCC\Bin
C Compiler:      Armcc.exe V5.06 update 6 (build 750)
Assembler:       Armasm.exe V5.06 update 6 (build 750)
Linker/Locator:  ArmLink.exe V5.06 update 6 (build 750)
Library Manager: ArmAr.exe V5.06 update 6 (build 750)
Hex Converter:   FromElf.exe V5.06 update 6 (build 750)
CPU DLL:         SARMCM3.DLL V5.28.0.0
Dialog DLL:      DARMP1.DLL V1.27.0.0
Target DLL:      STLink\ST-LINKIII-KEIL_SWO.dll V3.0.6.0
Dialog DLL:      TARMP1.DLL V1.26.0.0
 
<h2>Project:</h2>
C:\Users\jonat\Desktop\Lab\Final Project COMPLETE 100%\Lab8_LCD_template.uvproj
Project File Date:  04/27/2019

<h2>Output:</h2>
*** Using Compiler 'V5.06 update 6 (build 750)', folder: 'C:\Keil_v5\ARM\ARMCC\Bin'
Rebuild target 'Target 1'
assembling startup_LPC11xx.s...
compiling system_LPC11xx.c...
compiling SPI.c...
compiling timer.c...
compiling ADC.c...
compiling UART.c...
compiling keypad_scanner.c...
keypad_scanner.c(70): warning:  #61-D: integer operation result is out of range
  	NVIC ->ISER[0] |=(1<<31);   //Enable interrupt for port 0
keypad_scanner.c(70): warning:  #68-D: integer conversion resulted in a change of sign
  	NVIC ->ISER[0] |=(1<<31);   //Enable interrupt for port 0
keypad_scanner.c(115): warning:  #1-D: last line of file ends without a newline
  }
keypad_scanner.c: 3 warnings, 0 errors
compiling LCD_driver.c...
LCD_driver.c(34): warning:  #61-D: integer operation result is out of range
  	NVIC-> ICER[0] = (1<< 31);  // disable interrupt four pins
LCD_driver.c(34): warning:  #68-D: integer conversion resulted in a change of sign
  	NVIC-> ICER[0] = (1<< 31);  // disable interrupt four pins
LCD_driver.c(97): warning:  #61-D: integer operation result is out of range
  	NVIC-> ISER[0] = (1<< 31);	//enable interrupt
LCD_driver.c(97): warning:  #68-D: integer conversion resulted in a change of sign
  	NVIC-> ISER[0] = (1<< 31);	//enable interrupt
LCD_driver.c: 4 warnings, 0 errors
compiling main.c...
main.c(733): warning:  #111-D: statement is unreachable
  	return 0;
main.c(734): warning:  #111-D: statement is unreachable
  			 UART_received_flag = 0;   //Clear the flag 
main.c(736): warning:  #1-D: last line of file ends without a newline
  }
main.c: 3 warnings, 0 errors
linking...
Program Size: Code=14412 RO-data=580 RW-data=152 ZI-data=672  
".\Objects\Lab8_LCD_template.axf" - 0 Error(s), 10 Warning(s).
Build Time Elapsed:  00:00:00
</pre>
</body>
</html>
