Component: ARM Compiler 5.06 update 6 (build 750) Tool: armlink [4d35ed]

==============================================================================

Section Cross References

    startup_lpc11xx.o(STACK) refers (Special) to heapauxi.o(.text) for __use_two_region_memory
    startup_lpc11xx.o(HEAP) refers (Special) to heapauxi.o(.text) for __use_two_region_memory
    startup_lpc11xx.o(RESET) refers (Special) to heapauxi.o(.text) for __use_two_region_memory
    startup_lpc11xx.o(RESET) refers to startup_lpc11xx.o(STACK) for __initial_sp
    startup_lpc11xx.o(RESET) refers to startup_lpc11xx.o(.text) for Reset_Handler
    startup_lpc11xx.o(RESET) refers to main.o(i.TIMER32_0_IRQHandler) for TIMER32_0_IRQHandler
    startup_lpc11xx.o(RESET) refers to main.o(i.TIMER32_1_IRQHandler) for TIMER32_1_IRQHandler
    startup_lpc11xx.o(RESET) refers to main.o(i.UART_IRQHandler) for UART_IRQHandler
    startup_lpc11xx.o(RESET) refers to main.o(i.PIOINT0_IRQHandler) for PIOINT0_IRQHandler
    startup_lpc11xx.o(.ARM.__at_0x02FC) refers (Special) to heapauxi.o(.text) for __use_two_region_memory
    startup_lpc11xx.o(.text) refers (Special) to heapauxi.o(.text) for __use_two_region_memory
    startup_lpc11xx.o(.text) refers to system_lpc11xx.o(i.SystemInit) for SystemInit
    startup_lpc11xx.o(.text) refers to __main.o(!!!main) for __main
    startup_lpc11xx.o(.text) refers to startup_lpc11xx.o(HEAP) for Heap_Mem
    startup_lpc11xx.o(.text) refers to startup_lpc11xx.o(STACK) for Stack_Mem
    system_lpc11xx.o(i.Main_PLL_Setup) refers to system_lpc11xx.o(.data) for ClockSource
    system_lpc11xx.o(i.SystemInit) refers to system_lpc11xx.o(i.Main_PLL_Setup) for Main_PLL_Setup
    lcd_driver.o(i.LCD_clear) refers to lcd_driver.o(i.LCD_command) for LCD_command
    lcd_driver.o(i.LCD_cursor) refers to lcd_driver.o(i.LCD_command) for LCD_command
    lcd_driver.o(i.LCD_init) refers to lcd_driver.o(i.LCD_command) for LCD_command
    lcd_driver.o(i.LCD_print_char) refers to lcd_driver.o(i.LCD_command) for LCD_command
    lcd_driver.o(i.LCD_print_float) refers to _printf_percent.o(.ARM.Collect$$_printf_percent$$00000000) for _printf_percent
    lcd_driver.o(i.LCD_print_float) refers to _printf_f.o(.ARM.Collect$$_printf_percent$$00000003) for _printf_f
    lcd_driver.o(i.LCD_print_float) refers to printf1.o(x$fpl$printf1) for _printf_fp_dec
    lcd_driver.o(i.LCD_print_float) refers to f2d.o(.text) for __aeabi_f2d
    lcd_driver.o(i.LCD_print_float) refers to noretval__2sprintf.o(.text) for __2sprintf
    lcd_driver.o(i.LCD_print_float) refers to lcd_driver.o(i.LCD_print_string) for LCD_print_string
    lcd_driver.o(i.LCD_print_number) refers to _printf_percent.o(.ARM.Collect$$_printf_percent$$00000000) for _printf_percent
    lcd_driver.o(i.LCD_print_number) refers to _printf_d.o(.ARM.Collect$$_printf_percent$$00000009) for _printf_d
    lcd_driver.o(i.LCD_print_number) refers to _printf_dec.o(.text) for _printf_int_dec
    lcd_driver.o(i.LCD_print_number) refers to noretval__2sprintf.o(.text) for __2sprintf
    lcd_driver.o(i.LCD_print_number) refers to lcd_driver.o(i.LCD_print_string) for LCD_print_string
    lcd_driver.o(i.LCD_print_string) refers to lcd_driver.o(i.LCD_command) for LCD_command
    main.o(i.PIOINT0_IRQHandler) refers to keypad_scanner.o(i.scanner) for scanner
    main.o(i.PIOINT0_IRQHandler) refers to keypad_scanner.o(i.groundRows) for groundRows
    main.o(i.PIOINT0_IRQHandler) refers to main.o(.data) for interrupt
    main.o(i.TIMER32_0_IRQHandler) refers to dflti.o(.text) for __aeabi_i2d
    main.o(i.TIMER32_0_IRQHandler) refers to ddiv.o(.text) for __aeabi_ddiv
    main.o(i.TIMER32_0_IRQHandler) refers to dmul.o(.text) for __aeabi_dmul
    main.o(i.TIMER32_0_IRQHandler) refers to dfixi.o(.text) for __aeabi_d2iz
    main.o(i.TIMER32_0_IRQHandler) refers to daddsub.o(.text) for __aeabi_dadd
    main.o(i.TIMER32_0_IRQHandler) refers to main.o(.data) for ADC_value
    main.o(i.TIMER32_1_IRQHandler) refers to main.o(.data) for flag
    main.o(i.UART_IRQHandler) refers to rt_memcpy.o(.text) for __aeabi_memcpy
    main.o(i.UART_IRQHandler) refers to main.o(.data) for UART_received_byte
    main.o(i.UART_IRQHandler) refers to main.o(.bss) for UART_received_buffer
    main.o(i.calculator) refers to _printf_percent.o(.ARM.Collect$$_printf_percent$$00000000) for _printf_percent
    main.o(i.calculator) refers to _printf_d.o(.ARM.Collect$$_printf_percent$$00000009) for _printf_d
    main.o(i.calculator) refers to _printf_dec.o(.text) for _printf_int_dec
    main.o(i.calculator) refers to dflti.o(.text) for __aeabi_i2d
    main.o(i.calculator) refers to dmul.o(.text) for __aeabi_dmul
    main.o(i.calculator) refers to daddsub.o(.text) for __aeabi_dadd
    main.o(i.calculator) refers to lcd_driver.o(i.LCD_print_char) for LCD_print_char
    main.o(i.calculator) refers to noretval__2sprintf.o(.text) for __2sprintf
    main.o(i.calculator) refers to uart.o(i.UART_send_string) for UART_send_string
[...]
    __printf_ss_wp.o(.text) refers to _printf_percent.o(.ARM.Collect$$_printf_percent$$00000000) for _printf_percent
    __printf_flags_ss_wp.o(.text) refers to __printf_wp.o(i._is_digit) for _is_digit
    __printf_flags_ss_wp.o(.text) refers to _printf_percent.o(.ARM.Collect$$_printf_percent$$00000000) for _printf_percent
    __printf_flags_ss_wp.o(.text) refers to __printf_flags_ss_wp.o(.constdata) for .constdata
    _printf_d.o(.ARM.Collect$$_printf_percent$$00000009) refers (Weak) to _printf_dec.o(.text) for _printf_int_dec
    _printf_f.o(.ARM.Collect$$_printf_percent$$00000003) refers (Weak) to printf1.o(x$fpl$printf1) for _printf_fp_dec
    _printf_percent.o(.ARM.Collect$$_printf_percent$$00000000) refers (Special) to _printf_percent_end.o(.ARM.Collect$$_printf_percent$$00000017) for _printf_percent_end
    rt_memcpy.o(.text) refers to rt_memcpy.o(.emb_text) for __aeabi_memcpy4
    __main.o(!!!main) refers to __rtentry.o(.ARM.Collect$$rtentry$$00000000) for __rt_entry
    d2f.o(.text) refers (Special) to usenofp.o(x$fpl$usenofp) for __I$use$fp
    daddsub.o(.text) refers (Special) to usenofp.o(x$fpl$usenofp) for __I$use$fp
    ddiv.o(.text) refers (Special) to usenofp.o(x$fpl$usenofp) for __I$use$fp
    ddiv.o(.text) refers to ddiv.o(.constdata) for .constdata
    ddiv.o(.constdata) refers (Special) to usenofp.o(x$fpl$usenofp) for __I$use$fp
    dfixi.o(.text) refers (Special) to usenofp.o(x$fpl$usenofp) for __I$use$fp
    dflti.o(.text) refers (Special) to usenofp.o(x$fpl$usenofp) for __I$use$fp
    dmul.o(.text) refers (Special) to usenofp.o(x$fpl$usenofp) for __I$use$fp
    f2d.o(.text) refers (Special) to usenofp.o(x$fpl$usenofp) for __I$use$fp
    printf1.o(x$fpl$printf1) refers to _printf_fp_dec.o(.text) for _printf_fp_dec_real
    __rtentry.o(.ARM.Collect$$rtentry$$00000000) refers (Special) to __rtentry2.o(.ARM.Collect$$rtentry$$0000000A) for __rt_entry_li
    __rtentry.o(.ARM.Collect$$rtentry$$00000000) refers (Special) to __rtentry2.o(.ARM.Collect$$rtentry$$0000000D) for __rt_entry_main
    __rtentry.o(.ARM.Collect$$rtentry$$00000000) refers (Special) to __rtentry2.o(.ARM.Collect$$rtentry$$0000000C) for __rt_entry_postli_1
    __rtentry.o(.ARM.Collect$$rtentry$$00000000) refers (Special) to __rtentry2.o(.ARM.Collect$$rtentry$$00000009) for __rt_entry_postsh_1
    __rtentry.o(.ARM.Collect$$rtentry$$00000000) refers (Special) to __rtentry2.o(.ARM.Collect$$rtentry$$00000002) for __rt_entry_presh_1
    __rtentry.o(.ARM.Collect$$rtentry$$00000000) refers (Special) to __rtentry4.o(.ARM.Collect$$rtentry$$00000004) for __rt_entry_sh
    aeabi_idiv0_sigfpe.o(.text) refers to rt_div0.o(.text) for __rt_div0
    _printf_intcommon.o(.text) refers (Weak) to _printf_pad.o(.text) for _printf_pre_padding
    _printf_intcommon.o(.text) refers (Weak) to _printf_pad.o(.text) for _printf_pre_padding
    _printf_intcommon.o(.text) refers (Weak) to _printf_pad.o(.text) for _printf_post_padding
    _printf_fp_dec.o(.text) refers (Special) to usenofp.o(x$fpl$usenofp) for __I$use$fp
    _printf_fp_dec.o(.text) refers (Special) to lc_numeric_c.o(locale$$code) for _get_lc_numeric
    _printf_fp_dec.o(.text) refers to bigflt0.o(.text) for _btod_etento
    _printf_fp_dec.o(.text) refers to btod.o(.text) for _btod_d2e
    _printf_fp_dec.o(.text) refers to lludiv10.o(.text) for _ll_udiv10
    _printf_fp_dec.o(.text) refers to fpclassify.o(i.__ARM_fpclassify) for __ARM_fpclassify
    _printf_fp_dec.o(.text) refers to _printf_fp_infnan.o(.text) for _printf_fp_infnan
    _printf_fp_dec.o(.text) refers to rtudiv10.o(.text) for __rt_udiv10
    _printf_fp_dec.o(.text) refers (Weak) to _printf_pad.o(.text) for _printf_pre_padding
    _printf_fp_dec.o(.text) refers (Weak) to _printf_pad.o(.text) for _printf_pre_padding
    _printf_fp_dec.o(.text) refers to rt_locale_intlibspace.o(.text) for __rt_locale
    _printf_fp_dec.o(.text) refers (Weak) to _printf_pad.o(.text) for _printf_post_padding
    _printf_char_common.o(.text) refers to __printf_flags_wp.o(.text) for __printf
    __rtentry2.o(.ARM.Collect$$rtentry$$00000008) refers to boardinit2.o(.text) for _platform_post_stackheap_init
    __rtentry2.o(.ARM.Collect$$rtentry$$0000000A) refers to libinit.o(.ARM.Collect$$libinit$$00000000) for __rt_lib_init
    __rtentry2.o(.ARM.Collect$$rtentry$$0000000B) refers to boardinit3.o(.text) for _platform_post_lib_init
    __rtentry2.o(.ARM.Collect$$rtentry$$0000000D) refers to main.o(i.main) for main
    __rtentry2.o(.ARM.Collect$$rtentry$$0000000D) refers to exit.o(.text) for exit
    __rtentry2.o(.ARM.exidx) refers to __rtentry2.o(.ARM.Collect$$rtentry$$00000001) for .ARM.Collect$$rtentry$$00000001
    __rtentry2.o(.ARM.exidx) refers to __rtentry2.o(.ARM.Collect$$rtentry$$00000008) for .ARM.Collect$$rtentry$$00000008
    __rtentry2.o(.ARM.exidx) refers to __rtentry2.o(.ARM.Collect$$rtentry$$0000000A) for .ARM.Collect$$rtentry$$0000000A
    __rtentry2.o(.ARM.exidx) refers to __rtentry2.o(.ARM.Collect$$rtentry$$0000000B) for .ARM.Collect$$rtentry$$0000000B
    __rtentry2.o(.ARM.exidx) refers to __rtentry2.o(.ARM.Collect$$rtentry$$0000000D) for .ARM.Collect$$rtentry$$0000000D
    __rtentry4.o(.ARM.Collect$$rtentry$$00000004) refers to sys_stackheap_outer.o(.text) for __user_setup_stackheap
    __rtentry4.o(.ARM.exidx) refers to __rtentry4.o(.ARM.Collect$$rtentry$$00000004) for .ARM.Collect$$rtentry$$00000004
    rt_div0.o(.text) refers to defsig_fpe_outer.o(.text) for __rt_SIGFPE
    rt_locale.o(.text) refers to rt_locale.o(.bss) for __rt_locale_data
    rt_locale_intlibspace.o(.text) refers to libspace.o(.bss) for __libspace_start
    _printf_fp_infnan.o(.text) refers (Weak) to _printf_pad.o(.text) for _printf_pre_padding
    _printf_fp_infnan.o(.text) refers (Weak) to _printf_pad.o(.text) for _printf_post_padding
    bigflt0.o(.text) refers (Special) to usenofp.o(x$fpl$usenofp) for __I$use$fp
    bigflt0.o(.text) refers to aeabi_sdiv.o(.text) for __aeabi_idivmod
    bigflt0.o(.text) refers to btod.o(.text) for _btod_emul
    bigflt0.o(.text) refers to bigflt0.o(.constdata) for .constdata
    bigflt0.o(.constdata) refers (Special) to usenofp.o(x$fpl$usenofp) for __I$use$fp
    btod.o(.text) refers to btod.o(i.__ARM_common_ll_muluu) for __ARM_common_ll_muluu
    lc_numeric_c.o(locale$$data) refers (Special) to libinit2.o(.ARM.Collect$$libinit$$00000016) for __rt_lib_init_lc_numeric_2
    lc_numeric_c.o(locale$$code) refers (Special) to libinit2.o(.ARM.Collect$$libinit$$00000016) for __rt_lib_init_lc_numeric_2
    lc_numeric_c.o(locale$$code) refers to strcmp.o(.text) for strcmp
    lc_numeric_c.o(locale$$code) refers to lc_numeric_c.o(locale$$data) for __lcnum_c_name
    ieee_status.o(.text) refers (Special) to usenofp.o(x$fpl$usenofp) for __I$use$fp
    fpclassify.o(i.__ARM_fpclassify) refers (Special) to usenofp.o(x$fpl$usenofp) for __I$use$fp
    libspace.o(.text) refers to libspace.o(.bss) for __libspace_start
    sys_stackheap_outer.o(.text) refers to libspace.o(.text) for __user_perproc_libspace
    sys_stackheap_outer.o(.text) refers to startup_lpc11xx.o(.text) for __user_initial_stackheap
    sys_stackheap_outer.o(__vectab_stack_and_reset_area) refers to tempstk.o(.text) for __temporary_stack_top
    sys_stackheap_outer.o(__vectab_stack_and_reset_area) refers to __main.o(!!!main) for __main
    exit.o(.text) refers to rtexit.o(.ARM.Collect$$rtexit$$00000000) for __rt_exit
    defsig_fpe_outer.o(.text) refers to defsig_fpe_inner.o(.text) for __rt_SIGFPE_inner
    defsig_fpe_outer.o(.text) refers to defsig_exit.o(.text) for __sig_exit
    defsig_fpe_formal.o(.text) refers to rt_raise.o(.text) for __rt_raise
    libinit.o(.ARM.Collect$$libinit$$00000000) refers (Special) to libinit2.o(.ARM.Collect$$libinit$$0000002E) for __rt_lib_init_alloca_1
    libinit.o(.ARM.Collect$$libinit$$00000000) refers (Special) to libinit2.o(.ARM.Collect$$libinit$$0000002C) for __rt_lib_init_argv_1
    libinit.o(.ARM.Collect$$libinit$$00000000) refers (Special) to libinit2.o(.ARM.Collect$$libinit$$0000001B) for __rt_lib_init_atexit_1
    libinit.o(.ARM.Collect$$libinit$$00000000) refers (Special) to libinit2.o(.ARM.Collect$$libinit$$00000021) for __rt_lib_init_clock_1
    libinit.o(.ARM.Collect$$libinit$$00000000) refers (Special) to libinit2.o(.ARM.Collect$$libinit$$00000032) for __rt_lib_init_cpp_1
    libinit.o(.ARM.Collect$$libinit$$00000000) refers (Special) to libinit2.o(.ARM.Collect$$libinit$$00000030) for __rt_lib_init_exceptions_1
    libinit.o(.ARM.Collect$$libinit$$00000000) refers (Special) to libinit2.o(.ARM.Collect$$libinit$$00000002) for __rt_lib_init_fp_1
    libinit.o(.ARM.Collect$$libinit$$00000000) refers (Special) to libinit2.o(.ARM.Collect$$libinit$$0000001F) for __rt_lib_init_fp_trap_1
    libinit.o(.ARM.Collect$$libinit$$00000000) refers (Special) to libinit2.o(.ARM.Collect$$libinit$$00000023) for __rt_lib_init_getenv_1
    libinit.o(.ARM.Collect$$libinit$$00000000) refers (Special) to libinit2.o(.ARM.Collect$$libinit$$0000000A) for __rt_lib_init_heap_1
    libinit.o(.ARM.Collect$$libinit$$00000000) refers (Special) to libinit2.o(.ARM.Collect$$libinit$$00000011) for __rt_lib_init_lc_collate_1
    libinit.o(.ARM.Collect$$libinit$$00000000) refers (Special) to libinit2.o(.ARM.Collect$$libinit$$00000013) for __rt_lib_init_lc_ctype_1
    libinit.o(.ARM.Collect$$libinit$$00000000) refers (Special) to libinit2.o(.ARM.Collect$$libinit$$00000015) for __rt_lib_init_lc_monetary_1
    libinit.o(.ARM.Collect$$libinit$$00000000) refers (Special) to libinit2.o(.ARM.Collect$$libinit$$00000017) for __rt_lib_init_lc_numeric_1
    libinit.o(.ARM.Collect$$libinit$$00000000) refers (Special) to libinit2.o(.ARM.Collect$$libinit$$00000019) for __rt_lib_init_lc_time_1
    libinit.o(.ARM.Collect$$libinit$$00000000) refers (Special) to libinit2.o(.ARM.Collect$$libinit$$00000004) for __rt_lib_init_preinit_1
    libinit.o(.ARM.Collect$$libinit$$00000000) refers (Special) to libinit2.o(.ARM.Collect$$libinit$$0000000E) for __rt_lib_init_rand_1
    libinit.o(.ARM.Collect$$libinit$$00000000) refers (Special) to libinit2.o(.ARM.Collect$$libinit$$00000033) for __rt_lib_init_return
    libinit.o(.ARM.Collect$$libinit$$00000000) refers (Special) to libinit2.o(.ARM.Collect$$libinit$$0000001D) for __rt_lib_init_signal_1
    libinit.o(.ARM.Collect$$libinit$$00000000) refers (Special) to libinit2.o(.ARM.Collect$$libinit$$00000025) for __rt_lib_init_stdio_1
    libinit.o(.ARM.Collect$$libinit$$00000000) refers (Special) to libinit2.o(.ARM.Collect$$libinit$$0000000C) for __rt_lib_init_user_alloc_1
    libinit2.o(.ARM.Collect$$libinit$$0000000F) refers (Weak) to rt_locale_intlibspace.o(.text) for __rt_locale
    libinit2.o(.ARM.Collect$$libinit$$00000010) refers to libinit2.o(.ARM.Collect$$libinit$$0000000F) for .ARM.Collect$$libinit$$0000000F
    libinit2.o(.ARM.Collect$$libinit$$00000012) refers to libinit2.o(.ARM.Collect$$libinit$$0000000F) for .ARM.Collect$$libinit$$0000000F
    libinit2.o(.ARM.Collect$$libinit$$00000014) refers to libinit2.o(.ARM.Collect$$libinit$$0000000F) for .ARM.Collect$$libinit$$0000000F
    libinit2.o(.ARM.Collect$$libinit$$00000016) refers to libinit2.o(.ARM.Collect$$libinit$$0000000F) for .ARM.Collect$$libinit$$0000000F
    libinit2.o(.ARM.Collect$$libinit$$00000016) refers (Weak) to lc_numeric_c.o(locale$$code) for _get_lc_numeric
    libinit2.o(.ARM.Collect$$libinit$$00000018) refers to libinit2.o(.ARM.Collect$$libinit$$0000000F) for .ARM.Collect$$libinit$$0000000F
    libinit2.o(.ARM.Collect$$libinit$$00000026) refers to argv_veneer.o(.text) for __ARM_argv_veneer
    libinit2.o(.ARM.Collect$$libinit$$00000027) refers to argv_veneer.o(.text) for __ARM_argv_veneer
    rtexit.o(.ARM.Collect$$rtexit$$00000000) refers (Special) to rtexit2.o(.ARM.Collect$$rtexit$$00000004) for __rt_exit_exit
    rtexit.o(.ARM.Collect$$rtexit$$00000000) refers (Special) to rtexit2.o(.ARM.Collect$$rtexit$$00000003) for __rt_exit_ls
    rtexit.o(.ARM.Collect$$rtexit$$00000000) refers (Special) to rtexit2.o(.ARM.Collect$$rtexit$$00000002) for __rt_exit_prels_1
    rtexit.o(.ARM.exidx) refers (Special) to rtexit2.o(.ARM.Collect$$rtexit$$00000004) for __rt_exit_exit
    rtexit.o(.ARM.exidx) refers (Special) to rtexit2.o(.ARM.Collect$$rtexit$$00000003) for __rt_exit_ls
    rtexit.o(.ARM.exidx) refers (Special) to rtexit2.o(.ARM.Collect$$rtexit$$00000002) for __rt_exit_prels_1
    rtexit.o(.ARM.exidx) refers to rtexit.o(.ARM.Collect$$rtexit$$00000000) for .ARM.Collect$$rtexit$$00000000
    rt_raise.o(.text) refers to __raise.o(.text) for __raise
    rt_raise.o(.text) refers to sys_exit.o(.text) for _sys_exit
    defsig_exit.o(.text) refers to sys_exit.o(.text) for _sys_exit
    defsig_fpe_inner.o(.text) refers to defsig_general.o(.text) for __default_signal_display
    sys_exit.o(.text) refers (Special) to use_no_semi.o(.text) for __I$use$semihosting
    sys_exit.o(.text) refers (Special) to indicate_semi.o(.text) for __semihosting_library_function
    rtexit2.o(.ARM.Collect$$rtexit$$00000003) refers to libshutdown.o(.ARM.Collect$$libshutdown$$00000000) for __rt_lib_shutdown
    rtexit2.o(.ARM.Collect$$rtexit$$00000004) refers to sys_exit.o(.text) for _sys_exit
    rtexit2.o(.ARM.exidx) refers to rtexit2.o(.ARM.Collect$$rtexit$$00000001) for .ARM.Collect$$rtexit$$00000001
    rtexit2.o(.ARM.exidx) refers to rtexit2.o(.ARM.Collect$$rtexit$$00000003) for .ARM.Collect$$rtexit$$00000003
    rtexit2.o(.ARM.exidx) refers to rtexit2.o(.ARM.Collect$$rtexit$$00000004) for .ARM.Collect$$rtexit$$00000004
    __raise.o(.text) refers to defsig.o(CL$$defsig) for __default_signal_handler
    defsig_general.o(.text) refers to sys_wrch.o(.text) for _ttywrch
    _get_argv_nomalloc.o(.text) refers (Special) to hrguard.o(.text) for __heap_region$guard
    _get_argv_nomalloc.o(.text) refers to defsig_rtmem_outer.o(.text) for __rt_SIGRTMEM
    _get_argv_nomalloc.o(.text) refers to sys_command.o(.text) for _sys_command_string
    sys_wrch.o(.text) refers (Special) to use_no_semi.o(.text) for __I$use$semihosting
    sys_wrch.o(.text) refers (Special) to indicate_semi.o(.text) for __semihosting_library_function
    sys_command.o(.text) refers (Special) to use_no_semi.o(.text) for __I$use$semihosting
    sys_command.o(.text) refers (Special) to indicate_semi.o(.text) for __semihosting_library_function
    defsig_rtmem_outer.o(.text) refers to defsig_rtmem_inner.o(.text) for __rt_SIGRTMEM_inner
    defsig_rtmem_outer.o(.text) refers to defsig_exit.o(.text) for __sig_exit
    defsig_rtmem_formal.o(.text) refers to rt_raise.o(.text) for __rt_raise
    defsig.o(CL$$defsig) refers to defsig_fpe_inner.o(.text) for __rt_SIGFPE_inner
    defsig.o(CL$$defsig) refers to defsig_rtmem_inner.o(.text) for __rt_SIGRTMEM_inner
    libshutdown.o(.ARM.Collect$$libshutdown$$00000000) refers (Special) to libshutdown2.o(.ARM.Collect$$libshutdown$$00000002) for __rt_lib_shutdown_cpp_1
    libshutdown.o(.ARM.Collect$$libshutdown$$00000000) refers (Special) to libshutdown2.o(.ARM.Collect$$libshutdown$$00000007) for __rt_lib_shutdown_fp_trap_1
    libshutdown.o(.ARM.Collect$$libshutdown$$00000000) refers (Special) to libshutdown2.o(.ARM.Collect$$libshutdown$$0000000F) for __rt_lib_shutdown_heap_1
    libshutdown.o(.ARM.Collect$$libshutdown$$00000000) refers (Special) to libshutdown2.o(.ARM.Collect$$libshutdown$$00000010) for __rt_lib_shutdown_return
    libshutdown.o(.ARM.Collect$$libshutdown$$00000000) refers (Special) to libshutdown2.o(.ARM.Collect$$libshutdown$$0000000A) for __rt_lib_shutdown_signal_1
    libshutdown.o(.ARM.Collect$$libshutdown$$00000000) refers (Special) to libshutdown2.o(.ARM.Collect$$libshutdown$$00000004) for __rt_lib_shutdown_stdio_1
    libshutdown.o(.ARM.Collect$$libshutdown$$00000000) refers (Special) to libshutdown2.o(.ARM.Collect$$libshutdown$$0000000C) for __rt_lib_shutdown_user_alloc_1
    defsig_abrt_inner.o(.text) refers to defsig_general.o(.text) for __default_signal_display
    defsig_rtred_inner.o(.text) refers to defsig_general.o(.text) for __default_signal_display
    defsig_rtmem_inner.o(.text) refers to defsig_general.o(.text) for __default_signal_display
    defsig_stak_inner.o(.text) refers to defsig_general.o(.text) for __default_signal_display
    defsig_pvfn_inner.o(.text) refers to defsig_general.o(.text) for __default_signal_display
    defsig_cppl_inner.o(.text) refers to defsig_general.o(.text) for __default_signal_display
    defsig_segv_inner.o(.text) refers to defsig_general.o(.text) for __default_signal_display
    defsig_other.o(.text) refers to defsig_general.o(.text) for __default_signal_display


==============================================================================

Removing Unused input sections from the image.

    Removing system_lpc11xx.o(.rev16_text), (4 bytes).
    Removing system_lpc11xx.o(.revsh_text), (4 bytes).
    Removing lcd_driver.o(.rev16_text), (4 bytes).
    Removing lcd_driver.o(.revsh_text), (4 bytes).
    Removing lcd_driver.o(i.LCD_cursor), (46 bytes).
    Removing main.o(.rev16_text), (4 bytes).
    Removing main.o(.revsh_text), (4 bytes).
    Removing keypad_scanner.o(.rev16_text), (4 bytes).
    Removing keypad_scanner.o(.revsh_text), (4 bytes).
    Removing adc.o(.rev16_text), (4 bytes).
    Removing adc.o(.revsh_text), (4 bytes).
    Removing timer.o(.rev16_text), (4 bytes).
    Removing timer.o(.revsh_text), (4 bytes).
    Removing uart.o(.rev16_text), (4 bytes).
    Removing uart.o(.revsh_text), (4 bytes).
    Removing spi.o(.rev16_text), (4 bytes).
    Removing spi.o(.revsh_text), (4 bytes).
    Removing spi.o(i.MAX_resistance), (44 bytes).
    Removing spi.o(i.MIN_resistance), (44 bytes).

19 unused section(s) (total 198 bytes) removed from the image.

==============================================================================

Image Symbol Table

    Local Symbols

    Symbol Name                              Value     Ov Type        Size  Object(Section)

    RESET                                    0x00000000   Section      192  startup_lpc11xx.o(RESET)
    ../clib/angel/boardlib.s                 0x00000000   Number         0  boardinit2.o ABSOLUTE
    ../clib/angel/boardlib.s                 0x00000000   Number         0  boardinit3.o ABSOLUTE
    ../clib/angel/boardlib.s                 0x00000000   Number         0  boardinit1.o ABSOLUTE
    ../clib/angel/boardlib.s                 0x00000000   Number         0  boardshut.o ABSOLUTE
    ../clib/angel/handlers.s                 0x00000000   Number         0  __scatter_zi.o ABSOLUTE
    ../clib/angel/handlers.s                 0x00000000   Number         0  __scatter_copy.o ABSOLUTE
    ../clib/angel/kernel.s                   0x00000000   Number         0  __rtentry.o ABSOLUTE
    ../clib/angel/kernel.s                   0x00000000   Number         0  __rtentry4.o ABSOLUTE
    ../clib/angel/kernel.s                   0x00000000   Number         0  rtexit2.o ABSOLUTE
    ../clib/angel/kernel.s                   0x00000000   Number         0  __rtentry2.o ABSOLUTE
    ../clib/angel/kernel.s                   0x00000000   Number         0  rtexit.o ABSOLUTE
    ../clib/angel/rt.s                       0x00000000   Number         0  rt_div0.o ABSOLUTE
    ../clib/angel/rt.s                       0x00000000   Number         0  rt_locale_intlibspace.o ABSOLUTE
    ../clib/angel/rt.s                       0x00000000   Number         0  rt_locale.o ABSOLUTE
    ../clib/angel/rt.s                       0x00000000   Number         0  rt_raise.o ABSOLUTE
    ../clib/angel/rt.s                       0x00000000   Number         0  aeabi_idiv0.o ABSOLUTE
    ../clib/angel/rt.s                       0x00000000   Number         0  aeabi_idiv0_sigfpe.o ABSOLUTE
    ../clib/angel/scatterp.s                 0x00000000   Number         0  __scatter.o ABSOLUTE
    ../clib/angel/startup.s                  0x00000000   Number         0  __main.o ABSOLUTE
    ../clib/angel/sys.s                      0x00000000   Number         0  sys_stackheap_outer.o ABSOLUTE
    ../clib/angel/sys.s                      0x00000000   Number         0  tempstk.o ABSOLUTE
    ../clib/angel/sys.s                      0x00000000   Number         0  indicate_semi.o ABSOLUTE
    ../clib/angel/sys.s                      0x00000000   Number         0  use_no_semi.o ABSOLUTE
    ../clib/angel/sys.s                      0x00000000   Number         0  libspace.o ABSOLUTE
    ../clib/angel/sysapp.c                   0x00000000   Number         0  sys_exit.o ABSOLUTE
    ../clib/angel/sysapp.c                   0x00000000   Number         0  sys_wrch.o ABSOLUTE
    ../clib/angel/sysapp.c                   0x00000000   Number         0  sys_command.o ABSOLUTE
    ../clib/armsys.c                         0x00000000   Number         0  argv_veneer.o ABSOLUTE
    ../clib/armsys.c                         0x00000000   Number         0  _get_argv_nomalloc.o ABSOLUTE
    ../clib/armsys.c                         0x00000000   Number         0  no_argv.o ABSOLUTE
    ../clib/bigflt.c                         0x00000000   Number         0  bigflt0.o ABSOLUTE
    ../clib/btod.c                           0x00000000   Number         0  btod.o ABSOLUTE
    ../clib/division.c                       0x00000000   Number         0  rtudiv10.o ABSOLUTE
    ../clib/division.c                       0x00000000   Number         0  lludiv10.o ABSOLUTE
    ../clib/division.s                       0x00000000   Number         0  aeabi_sdiv_div0.o ABSOLUTE
    ../clib/division.s                       0x00000000   Number         0  aeabi_sdiv.o ABSOLUTE
    ../clib/heapalloc.c                      0x00000000   Number         0  hrguard.o ABSOLUTE
    ../clib/heapaux.c                        0x00000000   Number         0  heapauxi.o ABSOLUTE
    ../clib/libinit.s                        0x00000000   Number         0  libshutdown2.o ABSOLUTE
    ../clib/libinit.s                        0x00000000   Number         0  libshutdown.o ABSOLUTE
    ../clib/libinit.s                        0x00000000   Number         0  libinit2.o ABSOLUTE
    ../clib/libinit.s                        0x00000000   Number         0  libinit.o ABSOLUTE
    ../clib/locale.s                         0x00000000   Number         0  lc_numeric_c.o ABSOLUTE
    ../clib/memcpset.c                       0x00000000   Number         0  rt_memcpy.o ABSOLUTE
    ../clib/memcpset.c                       0x00000000   Number         0  rt_memcpy.o ABSOLUTE
    ../clib/misc.s                           0x00000000   Number         0  printf_stubs.o ABSOLUTE
    ../clib/printf.c                         0x00000000   Number         0  __printf_ss.o ABSOLUTE
    ../clib/printf.c                         0x00000000   Number         0  __printf_flags.o ABSOLUTE
    ../clib/printf.c                         0x00000000   Number         0  _printf_pad.o ABSOLUTE
    ../clib/printf.c                         0x00000000   Number         0  _printf_fp_infnan.o ABSOLUTE
    ../clib/printf.c                         0x00000000   Number         0  _sputc.o ABSOLUTE
    ../clib/printf.c                         0x00000000   Number         0  __printf_flags_ss_wp.o ABSOLUTE
    ../clib/printf.c                         0x00000000   Number         0  _printf_char_common.o ABSOLUTE
    ../clib/printf.c                         0x00000000   Number         0  _printf_fp_dec.o ABSOLUTE
    ../clib/printf.c                         0x00000000   Number         0  _printf_intcommon.o ABSOLUTE
    ../clib/printf.c                         0x00000000   Number         0  __printf_ss_wp.o ABSOLUTE
    ../clib/printf.c                         0x00000000   Number         0  __2sprintf.o ABSOLUTE
    ../clib/printf.c                         0x00000000   Number         0  noretval__2sprintf.o ABSOLUTE
    ../clib/printf.c                         0x00000000   Number         0  __printf_flags_wp.o ABSOLUTE
    ../clib/printf.c                         0x00000000   Number         0  __printf.o ABSOLUTE
    ../clib/printf.c                         0x00000000   Number         0  __printf_wp.o ABSOLUTE
    ../clib/printf.c                         0x00000000   Number         0  __printf_flags_ss.o ABSOLUTE
    ../clib/printf.c                         0x00000000   Number         0  _printf_dec.o ABSOLUTE
    ../clib/printf.c                         0x00000000   Number         0  __printf_nopercent.o ABSOLUTE
    ../clib/printf_percent.s                 0x00000000   Number         0  _printf_f.o ABSOLUTE
    ../clib/printf_percent.s                 0x00000000   Number         0  _printf_d.o ABSOLUTE
    ../clib/printf_percent.s                 0x00000000   Number         0  _printf_percent_end.o ABSOLUTE
    ../clib/printf_percent.s                 0x00000000   Number         0  _printf_percent.o ABSOLUTE
    ../clib/signal.c                         0x00000000   Number         0  defsig_fpe_outer.o ABSOLUTE
    ../clib/signal.c                         0x00000000   Number         0  defsig_abrt_inner.o ABSOLUTE
    ../clib/signal.c                         0x00000000   Number         0  __raise.o ABSOLUTE
    ../clib/signal.c                         0x00000000   Number         0  defsig_general.o ABSOLUTE
    ../clib/signal.c                         0x00000000   Number         0  defsig_rtmem_outer.o ABSOLUTE
    ../clib/signal.c                         0x00000000   Number         0  defsig_rtmem_formal.o ABSOLUTE
    ../clib/signal.c                         0x00000000   Number         0  defsig_rtred_inner.o ABSOLUTE
    ../clib/signal.c                         0x00000000   Number         0  defsig_fpe_inner.o ABSOLUTE
    ../clib/signal.c                         0x00000000   Number         0  defsig_exit.o ABSOLUTE
    ../clib/signal.c                         0x00000000   Number         0  defsig_rtmem_inner.o ABSOLUTE
    ../clib/signal.c                         0x00000000   Number         0  defsig_stak_inner.o ABSOLUTE
    ../clib/signal.c                         0x00000000   Number         0  defsig_pvfn_inner.o ABSOLUTE
    ../clib/signal.c                         0x00000000   Number         0  defsig_cppl_inner.o ABSOLUTE
    ../clib/signal.c                         0x00000000   Number         0  defsig_segv_inner.o ABSOLUTE
    ../clib/signal.c                         0x00000000   Number         0  defsig_other.o ABSOLUTE
    ../clib/signal.c                         0x00000000   Number         0  defsig_fpe_formal.o ABSOLUTE
    ../clib/signal.s                         0x00000000   Number         0  defsig.o ABSOLUTE
    ../clib/stdlib.c                         0x00000000   Number         0  exit.o ABSOLUTE
    ../clib/string.c                         0x00000000   Number         0  strcmp.o ABSOLUTE
    ../fplib/cfplib/d2f.c                    0x00000000   Number         0  d2f.o ABSOLUTE
    ../fplib/cfplib/daddsub.c                0x00000000   Number         0  daddsub.o ABSOLUTE
    ../fplib/cfplib/ddiv.c                   0x00000000   Number         0  ddiv.o ABSOLUTE
    ../fplib/cfplib/dmul.c                   0x00000000   Number         0  dmul.o ABSOLUTE
    ../fplib/cfplib/f2d.c                    0x00000000   Number         0  f2d.o ABSOLUTE
    ../fplib/cfplib/ffix.c                   0x00000000   Number         0  dfixi.o ABSOLUTE
    ../fplib/cfplib/fflt.c                   0x00000000   Number         0  dflti.o ABSOLUTE
    ../fplib/cfplib/fpinit.c                 0x00000000   Number         0  fpinit.o ABSOLUTE
    ../fplib/cfplib/ieee_status.c            0x00000000   Number         0  ieee_status.o ABSOLUTE
    ../fplib/printf1.s                       0x00000000   Number         0  printf1.o ABSOLUTE
    ../fplib/usenofp.s                       0x00000000   Number         0  usenofp.o ABSOLUTE
    ../mathlib/fpclassify.c                  0x00000000   Number         0  fpclassify.o ABSOLUTE
    ADC.c                                    0x00000000   Number         0  adc.o ABSOLUTE
    ADC.c                                    0x00000000   Number         0  adc.o ABSOLUTE
    C:\Keil_v5\ARM\Startup\NXP\LPC11xx\system_LPC11xx.c 0x00000000   Number         0  system_lpc11xx.o ABSOLUTE
    C:\\Keil_v5\\ARM\\Startup\\NXP\\LPC11xx\\system_LPC11xx.c 0x00000000   Number         0  system_lpc11xx.o ABSOLUTE
    LCD_driver.c                             0x00000000   Number         0  lcd_driver.o ABSOLUTE
    LCD_driver.c                             0x00000000   Number         0  lcd_driver.o ABSOLUTE
    SPI.c                                    0x00000000   Number         0  spi.o ABSOLUTE
    SPI.c                                    0x00000000   Number         0  spi.o ABSOLUTE
    UART.c                                   0x00000000   Number         0  uart.o ABSOLUTE
    UART.c                                   0x00000000   Number         0  uart.o ABSOLUTE
    dc.s                                     0x00000000   Number         0  dc.o ABSOLUTE
    keypad_scanner.c                         0x00000000   Number         0  keypad_scanner.o ABSOLUTE
    keypad_scanner.c                         0x00000000   Number         0  keypad_scanner.o ABSOLUTE
    main.c                                   0x00000000   Number         0  main.o ABSOLUTE
    main.c                                   0x00000000   Number         0  main.o ABSOLUTE
    startup_LPC11xx.s                        0x00000000   Number         0  startup_lpc11xx.o ABSOLUTE
    timer.c                                  0x00000000   Number         0  timer.o ABSOLUTE
    timer.c                                  0x00000000   Number         0  timer.o ABSOLUTE
    !!!main                                  0x000000c0   Section        8  __main.o(!!!main)
    !!!scatter                               0x000000c8   Section       60  __scatter.o(!!!scatter)
    !!handler_copy                           0x00000104   Section       26  __scatter_copy.o(!!handler_copy)
    !!handler_zi                             0x00000120   Section       28  __scatter_zi.o(!!handler_zi)
    .ARM.Collect$$_printf_percent$$00000000  0x0000013c   Section        2  _printf_percent.o(.ARM.Collect$$_printf_percent$$00000000)
    .ARM.Collect$$_printf_percent$$00000003  0x0000013e   Section       10  _printf_f.o(.ARM.Collect$$_printf_percent$$00000003)
    .ARM.Collect$$_printf_percent$$00000009  0x00000148   Section       10  _printf_d.o(.ARM.Collect$$_printf_percent$$00000009)
    .ARM.Collect$$_printf_percent$$00000017  0x00000152   Section        4  _printf_percent_end.o(.ARM.Collect$$_printf_percent$$00000017)
    .ARM.Collect$$libinit$$00000000          0x00000156   Section        2  libinit.o(.ARM.Collect$$libinit$$00000000)
    .ARM.Collect$$libinit$$00000002          0x00000158   Section        0  libinit2.o(.ARM.Collect$$libinit$$00000002)
    .ARM.Collect$$libinit$$00000004          0x00000158   Section        0  libinit2.o(.ARM.Collect$$libinit$$00000004)
    .ARM.Collect$$libinit$$0000000A          0x00000158   Section        0  libinit2.o(.ARM.Collect$$libinit$$0000000A)
    .ARM.Collect$$libinit$$0000000C          0x00000158   Section        0  libinit2.o(.ARM.Collect$$libinit$$0000000C)
    .ARM.Collect$$libinit$$0000000E          0x00000158   Section        0  libinit2.o(.ARM.Collect$$libinit$$0000000E)
    .ARM.Collect$$libinit$$0000000F          0x00000158   Section        6  libinit2.o(.ARM.Collect$$libinit$$0000000F)
    .ARM.Collect$$libinit$$00000011          0x0000015e   Section        0  libinit2.o(.ARM.Collect$$libinit$$00000011)
    .ARM.Collect$$libinit$$00000013          0x0000015e   Section        0  libinit2.o(.ARM.Collect$$libinit$$00000013)
    .ARM.Collect$$libinit$$00000015          0x0000015e   Section        0  libinit2.o(.ARM.Collect$$libinit$$00000015)
    .ARM.Collect$$libinit$$00000016          0x0000015e   Section       10  libinit2.o(.ARM.Collect$$libinit$$00000016)
    .ARM.Collect$$libinit$$00000017          0x00000168   Section        0  libinit2.o(.ARM.Collect$$libinit$$00000017)
    .ARM.Collect$$libinit$$00000019          0x00000168   Section        0  libinit2.o(.ARM.Collect$$libinit$$00000019)
    .ARM.Collect$$libinit$$0000001B          0x00000168   Section        0  libinit2.o(.ARM.Collect$$libinit$$0000001B)
    .ARM.Collect$$libinit$$0000001D          0x00000168   Section        0  libinit2.o(.ARM.Collect$$libinit$$0000001D)
    .ARM.Collect$$libinit$$0000001F          0x00000168   Section        0  libinit2.o(.ARM.Collect$$libinit$$0000001F)
    .ARM.Collect$$libinit$$00000021          0x00000168   Section        0  libinit2.o(.ARM.Collect$$libinit$$00000021)
    .ARM.Collect$$libinit$$00000023          0x00000168   Section        0  libinit2.o(.ARM.Collect$$libinit$$00000023)
    .ARM.Collect$$libinit$$00000025          0x00000168   Section        0  libinit2.o(.ARM.Collect$$libinit$$00000025)
    .ARM.Collect$$libinit$$0000002C          0x00000168   Section        0  libinit2.o(.ARM.Collect$$libinit$$0000002C)
    .ARM.Collect$$libinit$$0000002E          0x00000168   Section        0  libinit2.o(.ARM.Collect$$libinit$$0000002E)
    .ARM.Collect$$libinit$$00000030          0x00000168   Section        0  libinit2.o(.ARM.Collect$$libinit$$00000030)
    .ARM.Collect$$libinit$$00000032          0x00000168   Section        0  libinit2.o(.ARM.Collect$$libinit$$00000032)
    .ARM.Collect$$libinit$$00000033          0x00000168   Section        2  libinit2.o(.ARM.Collect$$libinit$$00000033)
    .ARM.Collect$$libshutdown$$00000000      0x0000016a   Section        2  libshutdown.o(.ARM.Collect$$libshutdown$$00000000)
    .ARM.Collect$$libshutdown$$00000002      0x0000016c   Section        0  libshutdown2.o(.ARM.Collect$$libshutdown$$00000002)
    .ARM.Collect$$libshutdown$$00000004      0x0000016c   Section        0  libshutdown2.o(.ARM.Collect$$libshutdown$$00000004)
    .ARM.Collect$$libshutdown$$00000007      0x0000016c   Section        0  libshutdown2.o(.ARM.Collect$$libshutdown$$00000007)
    .ARM.Collect$$libshutdown$$0000000A      0x0000016c   Section        0  libshutdown2.o(.ARM.Collect$$libshutdown$$0000000A)
    .ARM.Collect$$libshutdown$$0000000C      0x0000016c   Section        0  libshutdown2.o(.ARM.Collect$$libshutdown$$0000000C)
    .ARM.Collect$$libshutdown$$0000000F      0x0000016c   Section        0  libshutdown2.o(.ARM.Collect$$libshutdown$$0000000F)
    .ARM.Collect$$libshutdown$$00000010      0x0000016c   Section        2  libshutdown2.o(.ARM.Collect$$libshutdown$$00000010)
    .ARM.Collect$$rtentry$$00000000          0x0000016e   Section        0  __rtentry.o(.ARM.Collect$$rtentry$$00000000)
    .ARM.Collect$$rtentry$$00000002          0x0000016e   Section        0  __rtentry2.o(.ARM.Collect$$rtentry$$00000002)
    .ARM.Collect$$rtentry$$00000004          0x0000016e   Section        6  __rtentry4.o(.ARM.Collect$$rtentry$$00000004)
    .ARM.Collect$$rtentry$$00000009          0x00000174   Section        0  __rtentry2.o(.ARM.Collect$$rtentry$$00000009)
    .ARM.Collect$$rtentry$$0000000A          0x00000174   Section        4  __rtentry2.o(.ARM.Collect$$rtentry$$0000000A)
    .ARM.Collect$$rtentry$$0000000C          0x00000178   Section        0  __rtentry2.o(.ARM.Collect$$rtentry$$0000000C)
    .ARM.Collect$$rtentry$$0000000D          0x00000178   Section        8  __rtentry2.o(.ARM.Collect$$rtentry$$0000000D)
    .ARM.Collect$$rtexit$$00000000           0x00000180   Section        2  rtexit.o(.ARM.Collect$$rtexit$$00000000)
    .ARM.Collect$$rtexit$$00000002           0x00000182   Section        0  rtexit2.o(.ARM.Collect$$rtexit$$00000002)
    .ARM.Collect$$rtexit$$00000003           0x00000182   Section        4  rtexit2.o(.ARM.Collect$$rtexit$$00000003)
    .ARM.Collect$$rtexit$$00000004           0x00000186   Section        6  rtexit2.o(.ARM.Collect$$rtexit$$00000004)
    .emb_text                                0x0000018c   Section       56  rt_memcpy.o(.emb_text)
    .text                                    0x000001c4   Section       52  startup_lpc11xx.o(.text)
    .text                                    0x000001f8   Section        0  noretval__2sprintf.o(.text)
    .text                                    0x00000220   Section        0  _printf_pad.o(.text)
    .text                                    0x00000270   Section        0  _printf_dec.o(.text)
    .text                                    0x000002dc   Section        0  heapauxi.o(.text)
    .text                                    0x000002e2   Section        0  _sputc.o(.text)
    .text                                    0x000002ec   Section        8  rt_locale_intlibspace.o(.text)
    .text                                    0x000002f4   Section        8  libspace.o(.text)
    .ARM.__at_0x02FC                         0x000002fc   Section        4  startup_lpc11xx.o(.ARM.__at_0x02FC)
    .text                                    0x00000300   Section        0  __printf_flags_wp.o(.text)
    .text                                    0x00000438   Section        0  rt_memcpy.o(.text)
    .text                                    0x000004ba   Section      346  aeabi_sdiv.o(.text)
    .text                                    0x00000614   Section        0  d2f.o(.text)
    .text                                    0x00000690   Section        0  daddsub.o(.text)
    _dadd1                                   0x00000691   Thumb Code   290  daddsub.o(.text)
    _dsub1                                   0x000007b3   Thumb Code   470  daddsub.o(.text)
    .text                                    0x000009e8   Section        0  ddiv.o(.text)
    .text                                    0x00000e30   Section        0  dfixi.o(.text)
    .text                                    0x00000e9c   Section        0  dflti.o(.text)
    .text                                    0x00000ef4   Section        0  dmul.o(.text)
    .text                                    0x0000113c   Section        0  f2d.o(.text)
    .text                                    0x00001190   Section        0  _printf_intcommon.o(.text)
    .text                                    0x00001240   Section        0  _printf_fp_dec.o(.text)
    _fp_digits                               0x00001243   Thumb Code   412  _printf_fp_dec.o(.text)
    .text                                    0x00001658   Section        0  _printf_char_common.o(.text)
    _printf_input_char                       0x00001659   Thumb Code    10  _printf_char_common.o(.text)
    .text                                    0x00001688   Section        0  rtudiv10.o(.text)
    .text                                    0x000016b0   Section        0  lludiv10.o(.text)
    .text                                    0x0000172c   Section        0  _printf_fp_infnan.o(.text)
    .text                                    0x000017b4   Section        0  bigflt0.o(.text)
    .text                                    0x0000188c   Section        0  btod.o(.text)
    btod_internal_mul                        0x000018cd   Thumb Code   492  btod.o(.text)
    btod_internal_div                        0x00001ab9   Thumb Code   520  btod.o(.text)
    .text                                    0x00001e0c   Section       62  sys_stackheap_outer.o(.text)
    .text                                    0x00001e4a   Section        0  exit.o(.text)
    .text                                    0x00001e5c   Section        0  strcmp.o(.text)
    .text                                    0x00001ee4   Section        0  sys_exit.o(.text)
    .text                                    0x00001ef0   Section        2  use_no_semi.o(.text)
    .text                                    0x00001ef2   Section        0  indicate_semi.o(.text)
    i.LCD_clear                              0x00001ef2   Section        0  lcd_driver.o(i.LCD_clear)
    i.LCD_command                            0x00001f00   Section        0  lcd_driver.o(i.LCD_command)
    i.LCD_init                               0x00002078   Section        0  lcd_driver.o(i.LCD_init)
    i.LCD_print_char                         0x00002124   Section        0  lcd_driver.o(i.LCD_print_char)
    i.LCD_print_float                        0x00002134   Section        0  lcd_driver.o(i.LCD_print_float)
    i.LCD_print_number                       0x0000215c   Section        0  lcd_driver.o(i.LCD_print_number)
    i.LCD_print_string                       0x00002178   Section        0  lcd_driver.o(i.LCD_print_string)
    i.Main_PLL_Setup                         0x00002190   Section        0  system_lpc11xx.o(i.Main_PLL_Setup)
    i.PIOINT0_IRQHandler                     0x0000223c   Section        0  main.o(i.PIOINT0_IRQHandler)
    i.SPI_Timer                              0x00002264   Section        0  main.o(i.SPI_Timer)
    i.SPI_init                               0x000022b4   Section        0  spi.o(i.SPI_init)
    i.SystemInit                             0x00002348   Section        0  system_lpc11xx.o(i.SystemInit)
    i.TIMER32_0_IRQHandler                   0x00002388   Section        0  main.o(i.TIMER32_0_IRQHandler)
    i.TIMER32_1_IRQHandler                   0x000024b4   Section        0  main.o(i.TIMER32_1_IRQHandler)
    i.UART_IRQHandler                        0x00002500   Section        0  main.o(i.UART_IRQHandler)
    i.UART_init                              0x000025ec   Section        0  uart.o(i.UART_init)
    i.UART_send_char                         0x000026ac   Section        0  uart.o(i.UART_send_char)
    i.UART_send_string                       0x000026b8   Section        0  uart.o(i.UART_send_string)
    i.__ARM_common_ll_muluu                  0x000026e0   Section        0  btod.o(i.__ARM_common_ll_muluu)
    i.__ARM_fpclassify                       0x00002710   Section        0  fpclassify.o(i.__ARM_fpclassify)
    i._is_digit                              0x0000273c   Section        0  __printf_wp.o(i._is_digit)
    i.adc_init                               0x0000274c   Section        0  adc.o(i.adc_init)
    i.calculator                             0x000027b8   Section        0  main.o(i.calculator)
    i.displayADC                             0x0000290c   Section        0  main.o(i.displayADC)
    i.displaymenu                            0x000029c8   Section        0  main.o(i.displaymenu)
    i.displaynumbers                         0x00002b14   Section        0  main.o(i.displaynumbers)
    i.groundRows                             0x00002bc8   Section        0  keypad_scanner.o(i.groundRows)
    i.keypad_init                            0x00002bdc   Section        0  keypad_scanner.o(i.keypad_init)
    i.main                                   0x00002c64   Section        0  main.o(i.main)
    i.numbersSPI                             0x000035e8   Section        0  main.o(i.numbersSPI)
    i.resetvalues                            0x00003700   Section        0  main.o(i.resetvalues)
    i.scanner                                0x00003778   Section        0  keypad_scanner.o(i.scanner)
    i.set_resistance                         0x0000385c   Section        0  spi.o(i.set_resistance)
    i.timer_init                             0x00003888   Section        0  timer.o(i.timer_init)
    locale$$code                             0x000038d0   Section       44  lc_numeric_c.o(locale$$code)
    x$fpl$printf1                            0x000038fc   Section       16  printf1.o(x$fpl$printf1)
    .constdata                               0x0000390c   Section       32  keypad_scanner.o(.constdata)
    x$fpl$usenofp                            0x0000390c   Section        0  usenofp.o(x$fpl$usenofp)
    .constdata                               0x0000392c   Section       17  __printf_flags_wp.o(.constdata)
    maptable                                 0x0000392c   Data          17  __printf_flags_wp.o(.constdata)
    .constdata                               0x0000393d   Section      128  ddiv.o(.constdata)
    ddiv_reciptbl                            0x0000393d   Data         128  ddiv.o(.constdata)
    .constdata                               0x000039c0   Section      148  bigflt0.o(.constdata)
    tenpwrs_x                                0x000039c0   Data          60  bigflt0.o(.constdata)
    tenpwrs_i                                0x000039fc   Data          64  bigflt0.o(.constdata)
    locale$$data                             0x00003a74   Section       28  lc_numeric_c.o(locale$$data)
    __lcnum_c_name                           0x00003a78   Data           2  lc_numeric_c.o(locale$$data)
    __lcnum_c_start                          0x00003a80   Data           0  lc_numeric_c.o(locale$$data)
    __lcnum_c_point                          0x00003a8c   Data           0  lc_numeric_c.o(locale$$data)
    __lcnum_c_thousands                      0x00003a8e   Data           0  lc_numeric_c.o(locale$$data)
    __lcnum_c_grouping                       0x00003a8f   Data           0  lc_numeric_c.o(locale$$data)
    __lcnum_c_end                            0x00003a90   Data           0  lc_numeric_c.o(locale$$data)
    .data                                    0x10000000   Section       12  system_lpc11xx.o(.data)
    .data                                    0x10000010   Section      136  main.o(.data)
    .bss                                     0x10000098   Section       60  main.o(.bss)
    .bss                                     0x100000d4   Section       96  libspace.o(.bss)
    HEAP                                     0x10000138   Section        0  startup_lpc11xx.o(HEAP)
    STACK                                    0x10000138   Section      512  startup_lpc11xx.o(STACK)
    Heap_Mem                                 0x10000138   Data           0  startup_lpc11xx.o(HEAP)
    Stack_Mem                                0x10000138   Data         512  startup_lpc11xx.o(STACK)
    __initial_sp                             0x10000338   Data           0  startup_lpc11xx.o(STACK)

    Global Symbols

    Symbol Name                              Value     Ov Type        Size  Object(Section)

    BuildAttributes$$THM_ISAv3M$S$PE$A:L22$X:L11$S22$IEEE1$IW$USESV6$~STKCKD$USESV7$~SHL$OTIME$ROPI$IEEEJ$EBA8$UX$STANDARDLIB$REQ8$PRES8$EABIv2 0x00000000   Number         0  anon$$obj.o ABSOLUTE
    __ARM_use_no_argv                        0x00000000   Number         0  main.o ABSOLUTE
    __Vectors                                0x00000000   Data           4  startup_lpc11xx.o(RESET)
    _printf_flags                            0x00000000   Number         0  printf_stubs.o ABSOLUTE
    _printf_return_value                     0x00000000   Number         0  printf_stubs.o ABSOLUTE
    _printf_sizespec                         0x00000000   Number         0  printf_stubs.o ABSOLUTE
    _printf_widthprec                        0x00000000   Number         0  printf_stubs.o ABSOLUTE
    __ARM_exceptions_init                     - Undefined Weak Reference
    __alloca_initialize                       - Undefined Weak Reference
    __arm_preinit_                            - Undefined Weak Reference
    __cpp_initialize__aeabi_                  - Undefined Weak Reference
    __cxa_finalize                            - Undefined Weak Reference
    __sigvec_lookup                           - Undefined Weak Reference
    _atexit_init                              - Undefined Weak Reference
    _call_atexit_fns                          - Undefined Weak Reference
    _clock_init                               - Undefined Weak Reference
    _fp_trap_init                             - Undefined Weak Reference
    _fp_trap_shutdown                         - Undefined Weak Reference
    _get_lc_collate                           - Undefined Weak Reference
    _get_lc_ctype                             - Undefined Weak Reference
    _get_lc_monetary                          - Undefined Weak Reference
    _get_lc_time                              - Undefined Weak Reference
    _getenv_init                              - Undefined Weak Reference
    _handle_redirection                       - Undefined Weak Reference
    _init_alloc                               - Undefined Weak Reference
    _init_user_alloc                          - Undefined Weak Reference
    _initio                                   - Undefined Weak Reference
    _printf_truncate_signed                   - Undefined Weak Reference
    _printf_truncate_unsigned                 - Undefined Weak Reference
    _rand_init                                - Undefined Weak Reference
    _signal_finish                            - Undefined Weak Reference
    _signal_init                              - Undefined Weak Reference
    _terminate_alloc                          - Undefined Weak Reference
    _terminate_user_alloc                     - Undefined Weak Reference
    _terminateio                              - Undefined Weak Reference
    __main                                   0x000000c1   Thumb Code     8  __main.o(!!!main)
    __scatterload                            0x000000c9   Thumb Code     0  __scatter.o(!!!scatter)
    __scatterload_rt2                        0x000000c9   Thumb Code    52  __scatter.o(!!!scatter)
    __scatterload_rt2_thumb_only             0x000000c9   Thumb Code     0  __scatter.o(!!!scatter)
    __scatterload_null                       0x000000d9   Thumb Code     0  __scatter.o(!!!scatter)
    __scatterload_copy                       0x00000105   Thumb Code    26  __scatter_copy.o(!!handler_copy)
    __scatterload_zeroinit                   0x00000121   Thumb Code    28  __scatter_zi.o(!!handler_zi)
    _printf_percent                          0x0000013d   Thumb Code     0  _printf_percent.o(.ARM.Collect$$_printf_percent$$00000000)
    _printf_f                                0x0000013f   Thumb Code     0  _printf_f.o(.ARM.Collect$$_printf_percent$$00000003)
    _printf_d                                0x00000149   Thumb Code     0  _printf_d.o(.ARM.Collect$$_printf_percent$$00000009)
    _printf_percent_end                      0x00000153   Thumb Code     0  _printf_percent_end.o(.ARM.Collect$$_printf_percent$$00000017)
    __rt_lib_init                            0x00000157   Thumb Code     0  libinit.o(.ARM.Collect$$libinit$$00000000)
    __rt_lib_init_fp_1                       0x00000159   Thumb Code     0  libinit2.o(.ARM.Collect$$libinit$$00000002)
    __rt_lib_init_heap_1                     0x00000159   Thumb Code     0  libinit2.o(.ARM.Collect$$libinit$$0000000A)
    __rt_lib_init_lc_common                  0x00000159   Thumb Code     0  libinit2.o(.ARM.Collect$$libinit$$0000000F)
    __rt_lib_init_preinit_1                  0x00000159   Thumb Code     0  libinit2.o(.ARM.Collect$$libinit$$00000004)
    __rt_lib_init_rand_1                     0x00000159   Thumb Code     0  libinit2.o(.ARM.Collect$$libinit$$0000000E)
    __rt_lib_init_user_alloc_1               0x00000159   Thumb Code     0  libinit2.o(.ARM.Collect$$libinit$$0000000C)
    __rt_lib_init_lc_collate_1               0x0000015f   Thumb Code     0  libinit2.o(.ARM.Collect$$libinit$$00000011)
    __rt_lib_init_lc_ctype_1                 0x0000015f   Thumb Code     0  libinit2.o(.ARM.Collect$$libinit$$00000013)
    __rt_lib_init_lc_monetary_1              0x0000015f   Thumb Code     0  libinit2.o(.ARM.Collect$$libinit$$00000015)
    __rt_lib_init_lc_numeric_2               0x0000015f   Thumb Code     0  libinit2.o(.ARM.Collect$$libinit$$00000016)
    __rt_lib_init_alloca_1                   0x00000169   Thumb Code     0  libinit2.o(.ARM.Collect$$libinit$$0000002E)
    __rt_lib_init_argv_1                     0x00000169   Thumb Code     0  libinit2.o(.ARM.Collect$$libinit$$0000002C)
    __rt_lib_init_atexit_1                   0x00000169   Thumb Code     0  libinit2.o(.ARM.Collect$$libinit$$0000001B)
    __rt_lib_init_clock_1                    0x00000169   Thumb Code     0  libinit2.o(.ARM.Collect$$libinit$$00000021)
    __rt_lib_init_cpp_1                      0x00000169   Thumb Code     0  libinit2.o(.ARM.Collect$$libinit$$00000032)
    __rt_lib_init_exceptions_1               0x00000169   Thumb Code     0  libinit2.o(.ARM.Collect$$libinit$$00000030)
    __rt_lib_init_fp_trap_1                  0x00000169   Thumb Code     0  libinit2.o(.ARM.Collect$$libinit$$0000001F)
    __rt_lib_init_getenv_1                   0x00000169   Thumb Code     0  libinit2.o(.ARM.Collect$$libinit$$00000023)
    __rt_lib_init_lc_numeric_1               0x00000169   Thumb Code     0  libinit2.o(.ARM.Collect$$libinit$$00000017)
    __rt_lib_init_lc_time_1                  0x00000169   Thumb Code     0  libinit2.o(.ARM.Collect$$libinit$$00000019)
    __rt_lib_init_return                     0x00000169   Thumb Code     0  libinit2.o(.ARM.Collect$$libinit$$00000033)
    __rt_lib_init_signal_1                   0x00000169   Thumb Code     0  libinit2.o(.ARM.Collect$$libinit$$0000001D)
    __rt_lib_init_stdio_1                    0x00000169   Thumb Code     0  libinit2.o(.ARM.Collect$$libinit$$00000025)
    __rt_lib_shutdown                        0x0000016b   Thumb Code     0  libshutdown.o(.ARM.Collect$$libshutdown$$00000000)
    __rt_lib_shutdown_cpp_1                  0x0000016d   Thumb Code     0  libshutdown2.o(.ARM.Collect$$libshutdown$$00000002)
    __rt_lib_shutdown_fp_trap_1              0x0000016d   Thumb Code     0  libshutdown2.o(.ARM.Collect$$libshutdown$$00000007)
    __rt_lib_shutdown_heap_1                 0x0000016d   Thumb Code     0  libshutdown2.o(.ARM.Collect$$libshutdown$$0000000F)
    __rt_lib_shutdown_return                 0x0000016d   Thumb Code     0  libshutdown2.o(.ARM.Collect$$libshutdown$$00000010)
    __rt_lib_shutdown_signal_1               0x0000016d   Thumb Code     0  libshutdown2.o(.ARM.Collect$$libshutdown$$0000000A)
    __rt_lib_shutdown_stdio_1                0x0000016d   Thumb Code     0  libshutdown2.o(.ARM.Collect$$libshutdown$$00000004)
    __rt_lib_shutdown_user_alloc_1           0x0000016d   Thumb Code     0  libshutdown2.o(.ARM.Collect$$libshutdown$$0000000C)
    __rt_entry                               0x0000016f   Thumb Code     0  __rtentry.o(.ARM.Collect$$rtentry$$00000000)
    __rt_entry_presh_1                       0x0000016f   Thumb Code     0  __rtentry2.o(.ARM.Collect$$rtentry$$00000002)
    __rt_entry_sh                            0x0000016f   Thumb Code     0  __rtentry4.o(.ARM.Collect$$rtentry$$00000004)
    __rt_entry_li                            0x00000175   Thumb Code     0  __rtentry2.o(.ARM.Collect$$rtentry$$0000000A)
    __rt_entry_postsh_1                      0x00000175   Thumb Code     0  __rtentry2.o(.ARM.Collect$$rtentry$$00000009)
    __rt_entry_main                          0x00000179   Thumb Code     0  __rtentry2.o(.ARM.Collect$$rtentry$$0000000D)
    __rt_entry_postli_1                      0x00000179   Thumb Code     0  __rtentry2.o(.ARM.Collect$$rtentry$$0000000C)
    __rt_exit                                0x00000181   Thumb Code     0  rtexit.o(.ARM.Collect$$rtexit$$00000000)
    __rt_exit_ls                             0x00000183   Thumb Code     0  rtexit2.o(.ARM.Collect$$rtexit$$00000003)
    __rt_exit_prels_1                        0x00000183   Thumb Code     0  rtexit2.o(.ARM.Collect$$rtexit$$00000002)
    __rt_exit_exit                           0x00000187   Thumb Code     0  rtexit2.o(.ARM.Collect$$rtexit$$00000004)
    __aeabi_memcpy4                          0x0000018d   Thumb Code    56  rt_memcpy.o(.emb_text)
    __aeabi_memcpy8                          0x0000018d   Thumb Code     0  rt_memcpy.o(.emb_text)
    Reset_Handler                            0x000001c5   Thumb Code     8  startup_lpc11xx.o(.text)
    NMI_Handler                              0x000001cd   Thumb Code     2  startup_lpc11xx.o(.text)
    HardFault_Handler                        0x000001cf   Thumb Code     2  startup_lpc11xx.o(.text)
    SVC_Handler                              0x000001d1   Thumb Code     2  startup_lpc11xx.o(.text)
    PendSV_Handler                           0x000001d3   Thumb Code     2  startup_lpc11xx.o(.text)
    SysTick_Handler                          0x000001d5   Thumb Code     2  startup_lpc11xx.o(.text)
    ADC_IRQHandler                           0x000001d7   Thumb Code     0  startup_lpc11xx.o(.text)
    BOD_IRQHandler                           0x000001d7   Thumb Code     0  startup_lpc11xx.o(.text)
    CAN_IRQHandler                           0x000001d7   Thumb Code     0  startup_lpc11xx.o(.text)
    FMC_IRQHandler                           0x000001d7   Thumb Code     0  startup_lpc11xx.o(.text)
    I2C_IRQHandler                           0x000001d7   Thumb Code     0  startup_lpc11xx.o(.text)
    PIOINT1_IRQHandler                       0x000001d7   Thumb Code     0  startup_lpc11xx.o(.text)
    PIOINT2_IRQHandler                       0x000001d7   Thumb Code     0  startup_lpc11xx.o(.text)
    PIOINT3_IRQHandler                       0x000001d7   Thumb Code     0  startup_lpc11xx.o(.text)
    SSP0_IRQHandler                          0x000001d7   Thumb Code     0  startup_lpc11xx.o(.text)
    SSP1_IRQHandler                          0x000001d7   Thumb Code     0  startup_lpc11xx.o(.text)
    TIMER16_0_IRQHandler                     0x000001d7   Thumb Code     0  startup_lpc11xx.o(.text)
    TIMER16_1_IRQHandler                     0x000001d7   Thumb Code     0  startup_lpc11xx.o(.text)
    USB_FIQHandler                           0x000001d7   Thumb Code     0  startup_lpc11xx.o(.text)
    USB_IRQHandler                           0x000001d7   Thumb Code     0  startup_lpc11xx.o(.text)
    WAKEUP_IRQHandler                        0x000001d7   Thumb Code     0  startup_lpc11xx.o(.text)
    WDT_IRQHandler                           0x000001d7   Thumb Code     0  startup_lpc11xx.o(.text)
    __user_initial_stackheap                 0x000001d9   Thumb Code     0  startup_lpc11xx.o(.text)
    __2sprintf                               0x000001f9   Thumb Code    36  noretval__2sprintf.o(.text)
    _printf_pre_padding                      0x00000221   Thumb Code    44  _printf_pad.o(.text)
    _printf_post_padding                     0x0000024d   Thumb Code    34  _printf_pad.o(.text)
    _printf_int_dec                          0x00000271   Thumb Code    90  _printf_dec.o(.text)
    __use_two_region_memory                  0x000002dd   Thumb Code     2  heapauxi.o(.text)
    __rt_heap_escrow$2region                 0x000002df   Thumb Code     2  heapauxi.o(.text)
    __rt_heap_expand$2region                 0x000002e1   Thumb Code     2  heapauxi.o(.text)
    _sputc                                   0x000002e3   Thumb Code    10  _sputc.o(.text)
    __rt_locale                              0x000002ed   Thumb Code     8  rt_locale_intlibspace.o(.text)
    __user_libspace                          0x000002f5   Thumb Code     8  libspace.o(.text)
    __user_perproc_libspace                  0x000002f5   Thumb Code     0  libspace.o(.text)
    __user_perthread_libspace                0x000002f5   Thumb Code     0  libspace.o(.text)
    __printf                                 0x00000301   Thumb Code   306  __printf_flags_wp.o(.text)
    __aeabi_memcpy                           0x00000439   Thumb Code   130  rt_memcpy.o(.text)
    __rt_memcpy                              0x00000439   Thumb Code     0  rt_memcpy.o(.text)
    __aeabi_uidiv                            0x000004bb   Thumb Code     0  aeabi_sdiv.o(.text)
    __aeabi_uidivmod                         0x000004bb   Thumb Code    20  aeabi_sdiv.o(.text)
    __aeabi_idiv                             0x000004cf   Thumb Code     0  aeabi_sdiv.o(.text)
    __aeabi_idivmod                          0x000004cf   Thumb Code   326  aeabi_sdiv.o(.text)
    __aeabi_d2f                              0x00000615   Thumb Code     0  d2f.o(.text)
    _d2f                                     0x00000615   Thumb Code   120  d2f.o(.text)
    __aeabi_dadd                             0x00000989   Thumb Code     0  daddsub.o(.text)
    _dadd                                    0x00000989   Thumb Code    26  daddsub.o(.text)
    __aeabi_dsub                             0x000009a3   Thumb Code     0  daddsub.o(.text)
    _dsub                                    0x000009a3   Thumb Code    22  daddsub.o(.text)
    __aeabi_drsub                            0x000009b9   Thumb Code     0  daddsub.o(.text)
    _drsb                                    0x000009b9   Thumb Code    28  daddsub.o(.text)
    __aeabi_ddiv                             0x000009e9   Thumb Code     0  ddiv.o(.text)
    _ddiv                                    0x000009e9   Thumb Code  1072  ddiv.o(.text)
    _drdiv                                   0x00000e19   Thumb Code    20  ddiv.o(.text)
    __aeabi_d2iz                             0x00000e31   Thumb Code     0  dfixi.o(.text)
    _dfix                                    0x00000e31   Thumb Code    98  dfixi.o(.text)
    __aeabi_i2d_normalise                    0x00000e9d   Thumb Code    66  dflti.o(.text)
    __aeabi_i2d                              0x00000edf   Thumb Code    16  dflti.o(.text)
    _dflt                                    0x00000edf   Thumb Code     0  dflti.o(.text)
    __aeabi_ui2d                             0x00000eef   Thumb Code     6  dflti.o(.text)
    _dfltu                                   0x00000eef   Thumb Code     0  dflti.o(.text)
    __aeabi_dmul                             0x00000ef5   Thumb Code     0  dmul.o(.text)
    _dmul                                    0x00000ef5   Thumb Code   558  dmul.o(.text)
    __aeabi_f2d                              0x0000113d   Thumb Code     0  f2d.o(.text)
    _f2d                                     0x0000113d   Thumb Code    80  f2d.o(.text)
    _printf_int_common                       0x00001191   Thumb Code   176  _printf_intcommon.o(.text)
    __lib_sel_fp_printf                      0x00001241   Thumb Code     2  _printf_fp_dec.o(.text)
    _printf_fp_dec_real                      0x000013df   Thumb Code   620  _printf_fp_dec.o(.text)
    _printf_char_common                      0x00001663   Thumb Code    32  _printf_char_common.o(.text)
    __rt_udiv10                              0x00001689   Thumb Code    40  rtudiv10.o(.text)
    _ll_udiv10                               0x000016b1   Thumb Code   122  lludiv10.o(.text)
    _printf_fp_infnan                        0x0000172d   Thumb Code   120  _printf_fp_infnan.o(.text)
    _btod_etento                             0x000017b5   Thumb Code   210  bigflt0.o(.text)
    _btod_d2e                                0x0000188d   Thumb Code    64  btod.o(.text)
    _btod_emul                               0x00001cc1   Thumb Code    28  btod.o(.text)
    _btod_emuld                              0x00001cdd   Thumb Code   144  btod.o(.text)
    _btod_ediv                               0x00001d6d   Thumb Code    26  btod.o(.text)
    _btod_edivd                              0x00001d87   Thumb Code   124  btod.o(.text)
    __user_setup_stackheap                   0x00001e0d   Thumb Code    62  sys_stackheap_outer.o(.text)
    exit                                     0x00001e4b   Thumb Code    16  exit.o(.text)
    strcmp                                   0x00001e5d   Thumb Code   132  strcmp.o(.text)
    _sys_exit                                0x00001ee5   Thumb Code     8  sys_exit.o(.text)
    __I$use$semihosting                      0x00001ef1   Thumb Code     0  use_no_semi.o(.text)
    __use_no_semihosting_swi                 0x00001ef1   Thumb Code     2  use_no_semi.o(.text)
    LCD_clear                                0x00001ef3   Thumb Code    12  lcd_driver.o(i.LCD_clear)
    __semihosting_library_function           0x00001ef3   Thumb Code     0  indicate_semi.o(.text)
    LCD_command                              0x00001f01   Thumb Code   356  lcd_driver.o(i.LCD_command)
    LCD_init                                 0x00002079   Thumb Code   152  lcd_driver.o(i.LCD_init)
    LCD_print_char                           0x00002125   Thumb Code    14  lcd_driver.o(i.LCD_print_char)
    LCD_print_float                          0x00002135   Thumb Code    32  lcd_driver.o(i.LCD_print_float)
    LCD_print_number                         0x0000215d   Thumb Code    22  lcd_driver.o(i.LCD_print_number)
    LCD_print_string                         0x00002179   Thumb Code    24  lcd_driver.o(i.LCD_print_string)
    Main_PLL_Setup                           0x00002191   Thumb Code   148  system_lpc11xx.o(i.Main_PLL_Setup)
    PIOINT0_IRQHandler                       0x0000223d   Thumb Code    30  main.o(i.PIOINT0_IRQHandler)
    SPI_Timer                                0x00002265   Thumb Code    68  main.o(i.SPI_Timer)
    SPI_init                                 0x000022b5   Thumb Code   136  spi.o(i.SPI_init)
    SystemInit                               0x00002349   Thumb Code    54  system_lpc11xx.o(i.SystemInit)
    TIMER32_0_IRQHandler                     0x00002389   Thumb Code   224  main.o(i.TIMER32_0_IRQHandler)
    TIMER32_1_IRQHandler                     0x000024b5   Thumb Code    62  main.o(i.TIMER32_1_IRQHandler)
    UART_IRQHandler                          0x00002501   Thumb Code   208  main.o(i.UART_IRQHandler)
    UART_init                                0x000025ed   Thumb Code   176  uart.o(i.UART_init)
    UART_send_char                           0x000026ad   Thumb Code     6  uart.o(i.UART_send_char)
    UART_send_string                         0x000026b9   Thumb Code    36  uart.o(i.UART_send_string)
    __ARM_common_ll_muluu                    0x000026e1   Thumb Code    48  btod.o(i.__ARM_common_ll_muluu)
    __ARM_fpclassify                         0x00002711   Thumb Code    40  fpclassify.o(i.__ARM_fpclassify)
    _is_digit                                0x0000273d   Thumb Code    14  __printf_wp.o(i._is_digit)
    adc_init                                 0x0000274d   Thumb Code    88  adc.o(i.adc_init)
    calculator                               0x000027b9   Thumb Code   290  main.o(i.calculator)
    displayADC                               0x0000290d   Thumb Code   120  main.o(i.displayADC)
    displaymenu                              0x000029c9   Thumb Code   138  main.o(i.displaymenu)
    displaynumbers                           0x00002b15   Thumb Code   158  main.o(i.displaynumbers)
    groundRows                               0x00002bc9   Thumb Code    14  keypad_scanner.o(i.groundRows)
    keypad_init                              0x00002bdd   Thumb Code   120  keypad_scanner.o(i.keypad_init)
    main                                     0x00002c65   Thumb Code  2150  main.o(i.main)
    numbersSPI                               0x000035e9   Thumb Code   248  main.o(i.numbersSPI)
    resetvalues                              0x00003701   Thumb Code    68  main.o(i.resetvalues)
    scanner                                  0x00003779   Thumb Code   214  keypad_scanner.o(i.scanner)
    set_resistance                           0x0000385d   Thumb Code    40  spi.o(i.set_resistance)
    timer_init                               0x00003889   Thumb Code    60  timer.o(i.timer_init)
    _get_lc_numeric                          0x000038d1   Thumb Code    44  lc_numeric_c.o(locale$$code)
    _printf_fp_dec                           0x000038fd   Thumb Code    16  printf1.o(x$fpl$printf1)
    __I$use$fp                               0x0000390c   Number         0  usenofp.o(x$fpl$usenofp)
    Region$$Table$$Base                      0x00003a54   Number         0  anon$$obj.o(Region$$Table)
    Region$$Table$$Limit                     0x00003a74   Number         0  anon$$obj.o(Region$$Table)
    ClockSource                              0x10000000   Data           4  system_lpc11xx.o(.data)
    SystemFrequency                          0x10000004   Data           4  system_lpc11xx.o(.data)
    SystemAHBFrequency                       0x10000008   Data           4  system_lpc11xx.o(.data)
    interrupt                                0x10000010   Data           4  main.o(.data)
    key                                      0x10000014   Data           1  main.o(.data)
    flag                                     0x10000015   Data           1  main.o(.data)
    UART_received_flag                       0x10000016   Data           1  main.o(.data)
    UART_received_index                      0x10000017   Data           1  main.o(.data)
    UART_received_byte                       0x10000018   Data           1  main.o(.data)
    degree_symbol                            0x10000019   Data           1  main.o(.data)
    received_number                          0x1000001c   Data           4  main.o(.data)
    operand1                                 0x10000020   Data           8  main.o(.data)
    operand2                                 0x10000028   Data           8  main.o(.data)
    result                                   0x10000030   Data           8  main.o(.data)
    letter                                   0x10000038   Data           4  main.o(.data)
    operations                               0x1000003c   Data           4  main.o(.data)
    num                                      0x10000040   Data           4  main.o(.data)
    getback                                  0x10000044   Data           4  main.o(.data)
    num1                                     0x10000048   Data           4  main.o(.data)
    equal                                    0x1000004c   Data           1  main.o(.data)
    temp                                     0x10000050   Data           4  main.o(.data)
    sample                                   0x10000054   Data           4  main.o(.data)
    sample_rate                              0x10000058   Data           4  main.o(.data)
    sample_frequency                         0x1000005c   Data           4  main.o(.data)
    ADC_value                                0x10000060   Data           4  main.o(.data)
    ADCtimer                                 0x10000064   Data           4  main.o(.data)
    counterADC                               0x10000068   Data           4  main.o(.data)
    running_sum                              0x1000006c   Data           4  main.o(.data)
    average                                  0x10000070   Data           4  main.o(.data)
    tempsum                                  0x10000074   Data           4  main.o(.data)
    repeat_temp                              0x10000078   Data           4  main.o(.data)
    frequency                                0x1000007c   Data           4  main.o(.data)
    rx                                       0x10000080   Data           4  main.o(.data)
    resistx                                  0x10000084   Data           4  main.o(.data)
    value                                    0x10000088   Data           8  main.o(.data)
    first                                    0x10000090   Data           4  main.o(.data)
    counter                                  0x10000094   Data           4  main.o(.data)
    transmit_string_buffer                   0x10000098   Data          20  main.o(.bss)
    UART_received_buffer                     0x100000ac   Data          20  main.o(.bss)
    received_string                          0x100000c0   Data          20  main.o(.bss)
    __libspace_start                         0x100000d4   Data          96  libspace.o(.bss)
    __temporary_stack_top$libspace           0x10000134   Data           0  libspace.o(.bss)



==============================================================================

Memory Map of the image

  Image Entry point : 0x000001c5

  Load Region LR_1 (Base: 0x00000000, Size: 0x00003b28, Max: 0xffffffff, ABSOLUTE)

    Execution Region ER_RO (Exec base: 0x00000000, Load base: 0x00000000, Size: 0x00003a90, Max: 0xffffffff, ABSOLUTE)

    Exec Addr    Load Addr    Size         Type   Attr      Idx    E Section Name        Object

    0x00000000   0x00000000   0x000000c0   Data   RO            3    RESET               startup_lpc11xx.o
    0x000000c0   0x000000c0   0x00000008   Code   RO          430  * !!!main             c_p.l(__main.o)
    0x000000c8   0x000000c8   0x0000003c   Code   RO          655    !!!scatter          c_p.l(__scatter.o)
    0x00000104   0x00000104   0x0000001a   Code   RO          657    !!handler_copy      c_p.l(__scatter_copy.o)
    0x0000011e   0x0000011e   0x00000002   PAD
    0x00000120   0x00000120   0x0000001c   Code   RO          659    !!handler_zi        c_p.l(__scatter_zi.o)
    0x0000013c   0x0000013c   0x00000002   Code   RO          419    .ARM.Collect$$_printf_percent$$00000000  c_p.l(_printf_percent.o)
    0x0000013e   0x0000013e   0x0000000a   Code   RO          418    .ARM.Collect$$_printf_percent$$00000003  c_p.l(_printf_f.o)
    0x00000148   0x00000148   0x0000000a   Code   RO          417    .ARM.Collect$$_printf_percent$$00000009  c_p.l(_printf_d.o)
    0x00000152   0x00000152   0x00000004   Code   RO          462    .ARM.Collect$$_printf_percent$$00000017  c_p.l(_printf_percent_end.o)
    0x00000156   0x00000156   0x00000002   Code   RO          527    .ARM.Collect$$libinit$$00000000  c_p.l(libinit.o)
    0x00000158   0x00000158   0x00000000   Code   RO          529    .ARM.Collect$$libinit$$00000002  c_p.l(libinit2.o)
    0x00000158   0x00000158   0x00000000   Code   RO          531    .ARM.Collect$$libinit$$00000004  c_p.l(libinit2.o)
    0x00000158   0x00000158   0x00000000   Code   RO          534    .ARM.Collect$$libinit$$0000000A  c_p.l(libinit2.o)
    0x00000158   0x00000158   0x00000000   Code   RO          536    .ARM.Collect$$libinit$$0000000C  c_p.l(libinit2.o)
    0x00000158   0x00000158   0x00000000   Code   RO          538    .ARM.Collect$$libinit$$0000000E  c_p.l(libinit2.o)
    0x00000158   0x00000158   0x00000006   Code   RO          539    .ARM.Collect$$libinit$$0000000F  c_p.l(libinit2.o)
    0x0000015e   0x0000015e   0x00000000   Code   RO          541    .ARM.Collect$$libinit$$00000011  c_p.l(libinit2.o)
    0x0000015e   0x0000015e   0x00000000   Code   RO          543    .ARM.Collect$$libinit$$00000013  c_p.l(libinit2.o)
    0x0000015e   0x0000015e   0x00000000   Code   RO          545    .ARM.Collect$$libinit$$00000015  c_p.l(libinit2.o)
    0x0000015e   0x0000015e   0x0000000a   Code   RO          546    .ARM.Collect$$libinit$$00000016  c_p.l(libinit2.o)
    0x00000168   0x00000168   0x00000000   Code   RO          547    .ARM.Collect$$libinit$$00000017  c_p.l(libinit2.o)
    0x00000168   0x00000168   0x00000000   Code   RO          549    .ARM.Collect$$libinit$$00000019  c_p.l(libinit2.o)
    0x00000168   0x00000168   0x00000000   Code   RO          551    .ARM.Collect$$libinit$$0000001B  c_p.l(libinit2.o)
    0x00000168   0x00000168   0x00000000   Code   RO          553    .ARM.Collect$$libinit$$0000001D  c_p.l(libinit2.o)
    0x00000168   0x00000168   0x00000000   Code   RO          555    .ARM.Collect$$libinit$$0000001F  c_p.l(libinit2.o)
    0x00000168   0x00000168   0x00000000   Code   RO          557    .ARM.Collect$$libinit$$00000021  c_p.l(libinit2.o)
    0x00000168   0x00000168   0x00000000   Code   RO          559    .ARM.Collect$$libinit$$00000023  c_p.l(libinit2.o)
    0x00000168   0x00000168   0x00000000   Code   RO          561    .ARM.Collect$$libinit$$00000025  c_p.l(libinit2.o)
    0x00000168   0x00000168   0x00000000   Code   RO          565    .ARM.Collect$$libinit$$0000002C  c_p.l(libinit2.o)
    0x00000168   0x00000168   0x00000000   Code   RO          567    .ARM.Collect$$libinit$$0000002E  c_p.l(libinit2.o)
    0x00000168   0x00000168   0x00000000   Code   RO          569    .ARM.Collect$$libinit$$00000030  c_p.l(libinit2.o)
    0x00000168   0x00000168   0x00000000   Code   RO          571    .ARM.Collect$$libinit$$00000032  c_p.l(libinit2.o)
    0x00000168   0x00000168   0x00000002   Code   RO          572    .ARM.Collect$$libinit$$00000033  c_p.l(libinit2.o)
    0x0000016a   0x0000016a   0x00000002   Code   RO          620    .ARM.Collect$$libshutdown$$00000000  c_p.l(libshutdown.o)
    0x0000016c   0x0000016c   0x00000000   Code   RO          638    .ARM.Collect$$libshutdown$$00000002  c_p.l(libshutdown2.o)
    0x0000016c   0x0000016c   0x00000000   Code   RO          640    .ARM.Collect$$libshutdown$$00000004  c_p.l(libshutdown2.o)
    0x0000016c   0x0000016c   0x00000000   Code   RO          643    .ARM.Collect$$libshutdown$$00000007  c_p.l(libshutdown2.o)
    0x0000016c   0x0000016c   0x00000000   Code   RO          646    .ARM.Collect$$libshutdown$$0000000A  c_p.l(libshutdown2.o)
    0x0000016c   0x0000016c   0x00000000   Code   RO          648    .ARM.Collect$$libshutdown$$0000000C  c_p.l(libshutdown2.o)
    0x0000016c   0x0000016c   0x00000000   Code   RO          651    .ARM.Collect$$libshutdown$$0000000F  c_p.l(libshutdown2.o)
    0x0000016c   0x0000016c   0x00000002   Code   RO          652    .ARM.Collect$$libshutdown$$00000010  c_p.l(libshutdown2.o)
    0x0000016e   0x0000016e   0x00000000   Code   RO          449    .ARM.Collect$$rtentry$$00000000  c_p.l(__rtentry.o)
    0x0000016e   0x0000016e   0x00000000   Code   RO          467    .ARM.Collect$$rtentry$$00000002  c_p.l(__rtentry2.o)
    0x0000016e   0x0000016e   0x00000006   Code   RO          479    .ARM.Collect$$rtentry$$00000004  c_p.l(__rtentry4.o)
    0x00000174   0x00000174   0x00000000   Code   RO          469    .ARM.Collect$$rtentry$$00000009  c_p.l(__rtentry2.o)
    0x00000174   0x00000174   0x00000004   Code   RO          470    .ARM.Collect$$rtentry$$0000000A  c_p.l(__rtentry2.o)
    0x00000178   0x00000178   0x00000000   Code   RO          472    .ARM.Collect$$rtentry$$0000000C  c_p.l(__rtentry2.o)
    0x00000178   0x00000178   0x00000008   Code   RO          473    .ARM.Collect$$rtentry$$0000000D  c_p.l(__rtentry2.o)
    0x00000180   0x00000180   0x00000002   Code   RO          574    .ARM.Collect$$rtexit$$00000000  c_p.l(rtexit.o)
    0x00000182   0x00000182   0x00000000   Code   RO          589    .ARM.Collect$$rtexit$$00000002  c_p.l(rtexit2.o)
    0x00000182   0x00000182   0x00000004   Code   RO          590    .ARM.Collect$$rtexit$$00000003  c_p.l(rtexit2.o)
    0x00000186   0x00000186   0x00000006   Code   RO          591    .ARM.Collect$$rtexit$$00000004  c_p.l(rtexit2.o)
    0x0000018c   0x0000018c   0x00000038   Code   RO          420    .emb_text           c_p.l(rt_memcpy.o)
    0x000001c4   0x000001c4   0x00000034   Code   RO            5  * .text               startup_lpc11xx.o
    0x000001f8   0x000001f8   0x00000028   Code   RO          389    .text               c_p.l(noretval__2sprintf.o)
    0x00000220   0x00000220   0x0000004e   Code   RO          393    .text               c_p.l(_printf_pad.o)
    0x0000026e   0x0000026e   0x00000002   PAD
    0x00000270   0x00000270   0x0000006c   Code   RO          395    .text               c_p.l(_printf_dec.o)
    0x000002dc   0x000002dc   0x00000006   Code   RO          428    .text               c_p.l(heapauxi.o)
    0x000002e2   0x000002e2   0x0000000a   Code   RO          460    .text               c_p.l(_sputc.o)
    0x000002ec   0x000002ec   0x00000008   Code   RO          486    .text               c_p.l(rt_locale_intlibspace.o)
    0x000002f4   0x000002f4   0x00000008   Code   RO          508    .text               c_p.l(libspace.o)
    0x000002fc   0x000002fc   0x00000004   Code   RO            4    .ARM.__at_0x02FC    startup_lpc11xx.o
    0x00000300   0x00000300   0x00000138   Code   RO          409    .text               c_p.l(__printf_flags_wp.o)
    0x00000438   0x00000438   0x00000082   Code   RO          421    .text               c_p.l(rt_memcpy.o)
    0x000004ba   0x000004ba   0x0000015a   Code   RO          424    .text               c_p.l(aeabi_sdiv.o)
    0x00000614   0x00000614   0x0000007c   Code   RO          432    .text               fz_ps.l(d2f.o)
    0x00000690   0x00000690   0x00000358   Code   RO          434    .text               fz_ps.l(daddsub.o)
    0x000009e8   0x000009e8   0x00000448   Code   RO          436    .text               fz_ps.l(ddiv.o)
    0x00000e30   0x00000e30   0x0000006c   Code   RO          439    .text               fz_ps.l(dfixi.o)
    0x00000e9c   0x00000e9c   0x00000058   Code   RO          441    .text               fz_ps.l(dflti.o)
    0x00000ef4   0x00000ef4   0x00000248   Code   RO          443    .text               fz_ps.l(dmul.o)
    0x0000113c   0x0000113c   0x00000054   Code   RO          445    .text               fz_ps.l(f2d.o)
    0x00001190   0x00001190   0x000000b0   Code   RO          454    .text               c_p.l(_printf_intcommon.o)
    0x00001240   0x00001240   0x00000418   Code   RO          456    .text               c_p.l(_printf_fp_dec.o)
    0x00001658   0x00001658   0x00000030   Code   RO          458    .text               c_p.l(_printf_char_common.o)
    0x00001688   0x00001688   0x00000028   Code   RO          463    .text               c_p.l(rtudiv10.o)
    0x000016b0   0x000016b0   0x0000007a   Code   RO          488    .text               c_p.l(lludiv10.o)
    0x0000172a   0x0000172a   0x00000002   PAD
    0x0000172c   0x0000172c   0x00000088   Code   RO          490    .text               c_p.l(_printf_fp_infnan.o)
    0x000017b4   0x000017b4   0x000000d8   Code   RO          494    .text               c_p.l(bigflt0.o)
    0x0000188c   0x0000188c   0x00000580   Code   RO          497    .text               c_p.l(btod.o)
    0x00001e0c   0x00001e0c   0x0000003e   Code   RO          511    .text               c_p.l(sys_stackheap_outer.o)
    0x00001e4a   0x00001e4a   0x00000010   Code   RO          514    .text               c_p.l(exit.o)
    0x00001e5a   0x00001e5a   0x00000002   PAD
    0x00001e5c   0x00001e5c   0x00000088   Code   RO          520    .text               c_p.l(strcmp.o)
    0x00001ee4   0x00001ee4   0x0000000c   Code   RO          586    .text               c_p.l(sys_exit.o)
    0x00001ef0   0x00001ef0   0x00000002   Code   RO          607    .text               c_p.l(use_no_semi.o)
    0x00001ef2   0x00001ef2   0x00000000   Code   RO          609    .text               c_p.l(indicate_semi.o)
    0x00001ef2   0x00001ef2   0x0000000c   Code   RO           64    i.LCD_clear         lcd_driver.o
    0x00001efe   0x00001efe   0x00000002   PAD
    0x00001f00   0x00001f00   0x00000178   Code   RO           65    i.LCD_command       lcd_driver.o
    0x00002078   0x00002078   0x000000ac   Code   RO           67    i.LCD_init          lcd_driver.o
    0x00002124   0x00002124   0x0000000e   Code   RO           68    i.LCD_print_char    lcd_driver.o
    0x00002132   0x00002132   0x00000002   PAD
    0x00002134   0x00002134   0x00000028   Code   RO           69    i.LCD_print_float   lcd_driver.o
    0x0000215c   0x0000215c   0x0000001c   Code   RO           70    i.LCD_print_number  lcd_driver.o
    0x00002178   0x00002178   0x00000018   Code   RO           71    i.LCD_print_string  lcd_driver.o
    0x00002190   0x00002190   0x000000ac   Code   RO           15    i.Main_PLL_Setup    system_lpc11xx.o
    0x0000223c   0x0000223c   0x00000028   Code   RO          133    i.PIOINT0_IRQHandler  main.o
    0x00002264   0x00002264   0x00000050   Code   RO          134    i.SPI_Timer         main.o
    0x000022b4   0x000022b4   0x00000094   Code   RO          351    i.SPI_init          spi.o
    0x00002348   0x00002348   0x00000040   Code   RO           16    i.SystemInit        system_lpc11xx.o
    0x00002388   0x00002388   0x0000012c   Code   RO          135    i.TIMER32_0_IRQHandler  main.o
    0x000024b4   0x000024b4   0x0000004c   Code   RO          136    i.TIMER32_1_IRQHandler  main.o
    0x00002500   0x00002500   0x000000ec   Code   RO          137    i.UART_IRQHandler   main.o
    0x000025ec   0x000025ec   0x000000c0   Code   RO          317    i.UART_init         uart.o
    0x000026ac   0x000026ac   0x0000000c   Code   RO          318    i.UART_send_char    uart.o
    0x000026b8   0x000026b8   0x00000028   Code   RO          319    i.UART_send_string  uart.o
    0x000026e0   0x000026e0   0x00000030   Code   RO          499    i.__ARM_common_ll_muluu  c_p.l(btod.o)
    0x00002710   0x00002710   0x0000002c   Code   RO          506    i.__ARM_fpclassify  m_ps.l(fpclassify.o)
    0x0000273c   0x0000273c   0x0000000e   Code   RO          407    i._is_digit         c_p.l(__printf_wp.o)
    0x0000274a   0x0000274a   0x00000002   PAD
    0x0000274c   0x0000274c   0x0000006c   Code   RO          277    i.adc_init          adc.o
    0x000027b8   0x000027b8   0x00000154   Code   RO          138    i.calculator        main.o
    0x0000290c   0x0000290c   0x000000bc   Code   RO          139    i.displayADC        main.o
    0x000029c8   0x000029c8   0x0000014c   Code   RO          140    i.displaymenu       main.o
    0x00002b14   0x00002b14   0x000000b4   Code   RO          141    i.displaynumbers    main.o
    0x00002bc8   0x00002bc8   0x00000014   Code   RO          244    i.groundRows        keypad_scanner.o
    0x00002bdc   0x00002bdc   0x00000088   Code   RO          245    i.keypad_init       keypad_scanner.o
    0x00002c64   0x00002c64   0x00000984   Code   RO          142    i.main              main.o
    0x000035e8   0x000035e8   0x00000118   Code   RO          143    i.numbersSPI        main.o
    0x00003700   0x00003700   0x00000078   Code   RO          144    i.resetvalues       main.o
    0x00003778   0x00003778   0x000000e4   Code   RO          246    i.scanner           keypad_scanner.o
    0x0000385c   0x0000385c   0x0000002c   Code   RO          352    i.set_resistance    spi.o
    0x00003888   0x00003888   0x00000048   Code   RO          297    i.timer_init        timer.o
    0x000038d0   0x000038d0   0x0000002c   Code   RO          502    locale$$code        c_p.l(lc_numeric_c.o)
    0x000038fc   0x000038fc   0x00000010   Code   RO          447    x$fpl$printf1       fz_ps.l(printf1.o)
    0x0000390c   0x0000390c   0x00000000   Code   RO          465    x$fpl$usenofp       fz_ps.l(usenofp.o)
    0x0000390c   0x0000390c   0x00000020   Data   RO          247    .constdata          keypad_scanner.o
    0x0000392c   0x0000392c   0x00000011   Data   RO          410    .constdata          c_p.l(__printf_flags_wp.o)
    0x0000393d   0x0000393d   0x00000080   Data   RO          437    .constdata          fz_ps.l(ddiv.o)
    0x000039bd   0x000039bd   0x00000003   PAD
    0x000039c0   0x000039c0   0x00000094   Data   RO          495    .constdata          c_p.l(bigflt0.o)
    0x00003a54   0x00003a54   0x00000020   Data   RO          653    Region$$Table       anon$$obj.o
    0x00003a74   0x00003a74   0x0000001c   Data   RO          501    locale$$data        c_p.l(lc_numeric_c.o)


    Execution Region ER_RW (Exec base: 0x10000000, Load base: 0x00003a90, Size: 0x00000098, Max: 0xffffffff, ABSOLUTE)

    Exec Addr    Load Addr    Size         Type   Attr      Idx    E Section Name        Object

    0x10000000   0x00003a90   0x0000000c   Data   RW           17    .data               system_lpc11xx.o
    0x1000000c   0x00003a9c   0x00000004   PAD
    0x10000010   0x00003aa0   0x00000088   Data   RW          146    .data               main.o


    Execution Region ER_ZI (Exec base: 0x10000098, Load base: 0x00003b28, Size: 0x000002a0, Max: 0xffffffff, ABSOLUTE)

    Exec Addr    Load Addr    Size         Type   Attr      Idx    E Section Name        Object

    0x10000098        -       0x0000003c   Zero   RW          145    .bss                main.o
    0x100000d4        -       0x00000060   Zero   RW          509    .bss                c_p.l(libspace.o)
    0x10000134   0x00003b28   0x00000004   PAD
    0x10000138        -       0x00000000   Zero   RW            2    HEAP                startup_lpc11xx.o
    0x10000138        -       0x00000200   Zero   RW            1    STACK               startup_lpc11xx.o


==============================================================================

Image component sizes


      Code (inc. data)   RO Data    RW Data    ZI Data      Debug   Object Name

       108         20          0          0          0        399   adc.o
       384         36         32          0          0       1617   keypad_scanner.o
       666         54          0          0          0       3622   lcd_driver.o
      4608       1024          0        136         60      15319   main.o
       192         16          0          0          0        836   spi.o
        56         26        192          0        512        828   startup_lpc11xx.o
       236         34          0         12          0      13479   system_lpc11xx.o
        72         12          0          0          0        561   timer.o
       244         26          0          0          0       1472   uart.o

    ----------------------------------------------------------------------
      6570       1248        256        152        572      38133   Object Totals
         0          0         32          0          0          0   (incl. Generated)
         4          0          0          4          0          0   (incl. Padding)

    ----------------------------------------------------------------------

      Code (inc. data)   RO Data    RW Data    ZI Data      Debug   Library Member Name

         8          0          0          0          0         68   __main.o
       312          6         17          0          0         76   __printf_flags_wp.o
        14          0          0          0          0         60   __printf_wp.o
         0          0          0          0          0          0   __rtentry.o
        12          0          0          0          0          0   __rtentry2.o
         6          0          0          0          0          0   __rtentry4.o
        60          8          0          0          0          0   __scatter.o
        26          0          0          0          0          0   __scatter_copy.o
        28          0          0          0          0          0   __scatter_zi.o
        48          6          0          0          0         88   _printf_char_common.o
        10          0          0          0          0          0   _printf_d.o
       108         18          0          0          0         76   _printf_dec.o
        10          0          0          0          0          0   _printf_f.o
      1048         14          0          0          0        176   _printf_fp_dec.o
       136         16          0          0          0         76   _printf_fp_infnan.o
       176          0          0          0          0         84   _printf_intcommon.o
        78          0          0          0          0        100   _printf_pad.o
         2          0          0          0          0          0   _printf_percent.o
         4          0          0          0          0          0   _printf_percent_end.o
        10          0          0          0          0         60   _sputc.o
       346          0          0          0          0         92   aeabi_sdiv.o
       216          6        148          0          0         80   bigflt0.o
      1456         30          0          0          0        336   btod.o
        16          0          0          0          0         68   exit.o
         6          0          0          0          0        136   heapauxi.o
         0          0          0          0          0          0   indicate_semi.o
        44         10         28          0          0         76   lc_numeric_c.o
         2          0          0          0          0          0   libinit.o
        18          0          0          0          0          0   libinit2.o
         2          0          0          0          0          0   libshutdown.o
         2          0          0          0          0          0   libshutdown2.o
         8          4          0          0         96         68   libspace.o
       122          0          0          0          0         72   lludiv10.o
        40          4          0          0          0         84   noretval__2sprintf.o
         8          4          0          0          0         68   rt_locale_intlibspace.o
       186          0          0          0          0        144   rt_memcpy.o
         2          0          0          0          0          0   rtexit.o
        10          0          0          0          0          0   rtexit2.o
        40          0          0          0          0         60   rtudiv10.o
       136          4          0          0          0         72   strcmp.o
        12          4          0          0          0         60   sys_exit.o
        62          0          0          0          0         80   sys_stackheap_outer.o
         2          0          0          0          0         68   use_no_semi.o
       124          4          0          0          0         72   d2f.o
       856         20          0          0          0        208   daddsub.o
      1096         26        128          0          0        112   ddiv.o
       108         10          0          0          0         72   dfixi.o
        88          0          0          0          0         92   dflti.o
       584         26          0          0          0         84   dmul.o
        84          4          0          0          0         60   f2d.o
        16          4          0          0          0         76   printf1.o
         0          0          0          0          0          0   usenofp.o
        44          4          0          0          0         60   fpclassify.o

    ----------------------------------------------------------------------
      7842        232        324          0        100       3264   Library Totals
        10          0          3          0          4          0   (incl. Padding)

    ----------------------------------------------------------------------

      Code (inc. data)   RO Data    RW Data    ZI Data      Debug   Library Name

      4832        134        193          0         96       2428   c_p.l
      2956         94        128          0          0        776   fz_ps.l
        44          4          0          0          0         60   m_ps.l

    ----------------------------------------------------------------------
      7842        232        324          0        100       3264   Library Totals

    ----------------------------------------------------------------------

==============================================================================


      Code (inc. data)   RO Data    RW Data    ZI Data      Debug   

     14412       1480        580        152        672      38625   Grand Totals
     14412       1480        580        152        672      38625   ELF Image Totals
     14412       1480        580        152          0          0   ROM Totals

==============================================================================

    Total RO  Size (Code + RO Data)                14992 (  14.64kB)
    Total RW  Size (RW Data + ZI Data)               824 (   0.80kB)
    Total ROM Size (Code + RO Data + RW Data)      15144 (  14.79kB)

==============================================================================

